
> restaurant-os@0.1.0 dev
> next dev --turbopack -p 3002

▲ Next.js 16.2.10 (Turbopack)
- Local:         http://localhost:3002
- Network:       http://192.168.1.10:3002
✓ Ready in 8.0s

 GET / 200 in 1428ms (next.js: 1004ms, application-code: 423ms)
 GET / 200 in 286ms (next.js: 34ms, application-code: 252ms)
 GET /menu 200 in 522ms (next.js: 177ms, application-code: 344ms)
 GET /menu/entradas-0 200 in 1676ms (next.js: 1524ms, application-code: 153ms)
 GET /menu 200 in 282ms (next.js: 30ms, application-code: 252ms)
 GET /menu/principales-1 200 in 117ms (next.js: 39ms, application-code: 78ms)
○ Compiling /_error ...
 GET /_next/image?url=https%3A%2F%2Fkfovdzpashirhpxdnnod.supabase.co%2Fstorage%2Fv1%2Fobject%2Fpublic%2Fmenu-products%2F0b5eb050-071e-48b4-87c6-9647d7f926d8%2Fmenu%2Fimages%2Fmenu%2Fpizzas%2Fpizza-burrata.jpg&w=640&q=75 500 in 15.0s (next.js: 13.1s, application-code: 1888ms)
 GET /_next/image?url=https%3A%2F%2Fkfovdzpashirhpxdnnod.supabase.co%2Fstorage%2Fv1%2Fobject%2Fpublic%2Fmenu-products%2F0b5eb050-071e-48b4-87c6-9647d7f926d8%2Fmenu%2Fimages%2Fmenu%2Fpizzas%2Fpizza-burrata.jpg&w=640&q=75 500 in 15.0s (next.js: 13.1s, application-code: 1891ms)
 GET /_next/image?url=https%3A%2F%2Fkfovdzpashirhpxdnnod.supabase.co%2Fstorage%2Fv1%2Fobject%2Fpublic%2Fmenu-products%2F0b5eb050-071e-48b4-87c6-9647d7f926d8%2Fmenu%2Fimages%2Fmenu%2Fpastas%2Fcaserecce-ruota.jpg&w=640&q=75 500 in 15.0s (next.js: 13.1s, application-code: 1863ms)
 GET /_next/image?url=https%3A%2F%2Fkfovdzpashirhpxdnnod.supabase.co%2Fstorage%2Fv1%2Fobject%2Fpublic%2Fmenu-products%2F0b5eb050-071e-48b4-87c6-9647d7f926d8%2Fmenu%2Fimages%2Fmenu%2Fpastas%2Fcaserecce-ruota.jpg&w=640&q=75 500 in 15.0s (next.js: 13.1s, application-code: 1863ms)
 GET /_next/image?url=https%3A%2F%2Fkfovdzpashirhpxdnnod.supabase.co%2Fstorage%2Fv1%2Fobject%2Fpublic%2Fmenu-products%2F0b5eb050-071e-48b4-87c6-9647d7f926d8%2Fmenu%2Fimages%2Fmenu%2Fpastas%2Fcanelones-ternera.jpg&w=640&q=75 500 in 15.0s (next.js: 13.2s, application-code: 1840ms)
 GET /_next/image?url=https%3A%2F%2Fkfovdzpashirhpxdnnod.supabase.co%2Fstorage%2Fv1%2Fobject%2Fpublic%2Fmenu-products%2F0b5eb050-071e-48b4-87c6-9647d7f926d8%2Fmenu%2Fimages%2Fmenu%2Fpastas%2Fcanelones-ternera.jpg&w=640&q=75 500 in 15.0s (next.js: 13.2s, application-code: 1842ms)
 GET /_next/image?url=https%3A%2F%2Fkfovdzpashirhpxdnnod.supabase.co%2Fstorage%2Fv1%2Fobject%2Fpublic%2Fmenu-products%2F0b5eb050-071e-48b4-87c6-9647d7f926d8%2Fmenu%2Fimages%2Fmenu%2Fpastas%2Fnoquis-papa.jpg&w=640&q=75 500 in 14.3s (next.js: 12.4s, application-code: 1835ms)
 GET /_next/image?url=https%3A%2F%2Fkfovdzpashirhpxdnnod.supabase.co%2Fstorage%2Fv1%2Fobject%2Fpublic%2Fmenu-products%2F0b5eb050-071e-48b4-87c6-9647d7f926d8%2Fmenu%2Fimages%2Fmenu%2Fpastas%2Fnoquis-papa.jpg&w=640&q=75 500 in 14.3s (next.js: 12.4s, application-code: 1835ms)
 GET /_next/image?url=https%3A%2F%2Fkfovdzpashirhpxdnnod.supabase.co%2Fstorage%2Fv1%2Fobject%2Fpublic%2Fmenu-products%2F0b5eb050-071e-48b4-87c6-9647d7f926d8%2Fmenu%2Fimages%2Fmenu%2Fprincipales%2Fbife-chorizo.jpg&w=640&q=75 500 in 15.0s (next.js: 13.2s, application-code: 1812ms)
 GET /_next/image?url=https%3A%2F%2Fkfovdzpashirhpxdnnod.supabase.co%2Fstorage%2Fv1%2Fobject%2Fpublic%2Fmenu-products%2F0b5eb050-071e-48b4-87c6-9647d7f926d8%2Fmenu%2Fimages%2Fmenu%2Fprincipales%2Fbife-chorizo.jpg&w=640&q=75 500 in 15.0s (next.js: 13.2s, application-code: 1812ms)
 GET /_next/image?url=https%3A%2F%2Fkfovdzpashirhpxdnnod.supabase.co%2Fstorage%2Fv1%2Fobject%2Fpublic%2Fmenu-products%2F0b5eb050-071e-48b4-87c6-9647d7f926d8%2Fmenu%2Fimages%2Fmenu%2Fpizzas%2Fpizza-clasica.jpg&w=640&q=75 500 in 5.6s (next.js: 5.6s, application-code: 63ms)
 GET /_next/image?url=https%3A%2F%2Fkfovdzpashirhpxdnnod.supabase.co%2Fstorage%2Fv1%2Fobject%2Fpublic%2Fmenu-products%2F0b5eb050-071e-48b4-87c6-9647d7f926d8%2Fmenu%2Fimages%2Fmenu%2Fpizzas%2Fpizza-clasica.jpg&w=640&q=75 500 in 5.6s (next.js: 5.6s, application-code: 63ms)
 GET /_next/image?url=https%3A%2F%2Fupload.wikimedia.org%2Fwikipedia%2Fcommons%2Fthumb%2F2%2F23%2FCaesar_salad_%25282%2529.jpg%2F960px-Caesar_salad_%25282%2529.jpg%3Futm_source%3Dcommons.wikimedia.org%26utm_campaign%3Dimageinfo%26utm_content%3Dthumbnail&w=640&q=75 500 in 1440ms (next.js: 1134ms, application-code: 306ms)
 GET /_next/image?url=https%3A%2F%2Fupload.wikimedia.org%2Fwikipedia%2Fcommons%2Fthumb%2F2%2F23%2FCaesar_salad_%25282%2529.jpg%2F960px-Caesar_salad_%25282%2529.jpg%3Futm_source%3Dcommons.wikimedia.org%26utm_campaign%3Dimageinfo%26utm_content%3Dthumbnail&w=640&q=75 500 in 1440ms (next.js: 1134ms, application-code: 306ms)
 GET /_next/image?url=https%3A%2F%2Fupload.wikimedia.org%2Fwikipedia%2Fcommons%2Fthumb%2F0%2F00%2FBurrata_salad_with_arugula%252C_fig_jam%252C_and_pistachios_-_San_Francisco%252C_CA.jpg%2F960px-Burrata_salad_with_arugula%252C_fig_jam%252C_and_pistachios_-_San_Francisco%252C_CA.jpg%3Futm_source%3Dcommons.wikimedia.org%26utm_campaign%3Dimageinfo%26utm_content%3Dthumbnail&w=640&q=75 500 in 1435ms (next.js: 1185ms, application-code: 250ms)
 GET /_next/image?url=https%3A%2F%2Fupload.wikimedia.org%2Fwikipedia%2Fcommons%2Fthumb%2F0%2F00%2FBurrata_salad_with_arugula%252C_fig_jam%252C_and_pistachios_-_San_Francisco%252C_CA.jpg%2F960px-Burrata_salad_with_arugula%252C_fig_jam%252C_and_pistachios_-_San_Francisco%252C_CA.jpg%3Futm_source%3Dcommons.wikimedia.org%26utm_campaign%3Dimageinfo%26utm_content%3Dthumbnail&w=640&q=75 500 in 1435ms (next.js: 1185ms, application-code: 250ms)
 GET /_next/image?url=https%3A%2F%2Fupload.wikimedia.org%2Fwikipedia%2Fcommons%2Fthumb%2F4%2F48%2FBoiled_pumpkin_with_roasted_sweet_potato_and_vegetables.jpg%2F960px-Boiled_pumpkin_with_roasted_sweet_potato_and_vegetables.jpg%3Futm_source%3Dcommons.wikimedia.org%26utm_campaign%3Dimageinfo%26utm_content%3Dthumbnail&w=640&q=75 500 in 1433ms (next.js: 1247ms, application-code: 187ms)
 GET /_next/image?url=https%3A%2F%2Fupload.wikimedia.org%2Fwikipedia%2Fcommons%2Fthumb%2F4%2F48%2FBoiled_pumpkin_with_roasted_sweet_potato_and_vegetables.jpg%2F960px-Boiled_pumpkin_with_roasted_sweet_potato_and_vegetables.jpg%3Futm_source%3Dcommons.wikimedia.org%26utm_campaign%3Dimageinfo%26utm_content%3Dthumbnail&w=640&q=75 500 in 1433ms (next.js: 1247ms, application-code: 187ms)
 GET /_next/image?url=https%3A%2F%2Fkfovdzpashirhpxdnnod.supabase.co%2Fstorage%2Fv1%2Fobject%2Fpublic%2Fmenu-products%2F0b5eb050-071e-48b4-87c6-9647d7f926d8%2Fmenu%2Fimages%2Fmenu%2Fpizzas%2Fpizza-cuatro-quesos.jpg&w=640&q=75 500 in 1446ms (next.js: 1328ms, application-code: 119ms)
 GET /_next/image?url=https%3A%2F%2Fkfovdzpashirhpxdnnod.supabase.co%2Fstorage%2Fv1%2Fobject%2Fpublic%2Fmenu-products%2F0b5eb050-071e-48b4-87c6-9647d7f926d8%2Fmenu%2Fimages%2Fmenu%2Fpizzas%2Fpizza-cuatro-quesos.jpg&w=640&q=75 500 in 1447ms (next.js: 1328ms, application-code: 119ms)
 GET /_next/image?url=https%3A%2F%2Fkfovdzpashirhpxdnnod.supabase.co%2Fstorage%2Fv1%2Fobject%2Fpublic%2Fmenu-products%2F0b5eb050-071e-48b4-87c6-9647d7f926d8%2Fmenu%2Fimages%2Fmenu%2Fpizzas%2Fpizza-langostinos.jpg&w=640&q=75 500 in 1441ms (next.js: 1375ms, application-code: 66ms)
 GET /_next/image?url=https%3A%2F%2Fkfovdzpashirhpxdnnod.supabase.co%2Fstorage%2Fv1%2Fobject%2Fpublic%2Fmenu-products%2F0b5eb050-071e-48b4-87c6-9647d7f926d8%2Fmenu%2Fimages%2Fmenu%2Fpizzas%2Fpizza-langostinos.jpg&w=640&q=75 500 in 1441ms (next.js: 1375ms, application-code: 66ms)
 GET /_next/image?url=https%3A%2F%2Fkfovdzpashirhpxdnnod.supabase.co%2Fstorage%2Fv1%2Fobject%2Fpublic%2Fmenu-products%2F0b5eb050-071e-48b4-87c6-9647d7f926d8%2Fmenu%2Fimages%2Fmenu%2Fpizzas%2Fpizza-especial.jpg&w=640&q=75 500 in 1250ms (next.js: 1222ms, application-code: 28ms)
 GET /_next/image?url=https%3A%2F%2Fkfovdzpashirhpxdnnod.supabase.co%2Fstorage%2Fv1%2Fobject%2Fpublic%2Fmenu-products%2F0b5eb050-071e-48b4-87c6-9647d7f926d8%2Fmenu%2Fimages%2Fmenu%2Fpizzas%2Fpizza-especial.jpg&w=640&q=75 500 in 1250ms (next.js: 1222ms, application-code: 28ms)
 GET /menu/principales-1 200 in 980ms (next.js: 143ms, application-code: 837ms)
 GET /_next/image?url=https%3A%2F%2Fkfovdzpashirhpxdnnod.supabase.co%2Fstorage%2Fv1%2Fobject%2Fpublic%2Fmenu-products%2F0b5eb050-071e-48b4-87c6-9647d7f926d8%2Fmenu%2Fimages%2Fmenu%2Fpastas%2Fcanelones-ternera.jpg&w=640&q=75 500 in 1560ms (next.js: 1317ms, application-code: 242ms)
 GET /_next/image?url=https%3A%2F%2Fkfovdzpashirhpxdnnod.supabase.co%2Fstorage%2Fv1%2Fobject%2Fpublic%2Fmenu-products%2F0b5eb050-071e-48b4-87c6-9647d7f926d8%2Fmenu%2Fimages%2Fmenu%2Fpastas%2Fcanelones-ternera.jpg&w=640&q=75 500 in 1560ms (next.js: 1317ms, application-code: 243ms)
 GET /_next/image?url=https%3A%2F%2Fkfovdzpashirhpxdnnod.supabase.co%2Fstorage%2Fv1%2Fobject%2Fpublic%2Fmenu-products%2F0b5eb050-071e-48b4-87c6-9647d7f926d8%2Fmenu%2Fimages%2Fmenu%2Fpastas%2Fcaserecce-ruota.jpg&w=640&q=75 500 in 1926ms (next.js: 1735ms, application-code: 191ms)
 GET /_next/image?url=https%3A%2F%2Fkfovdzpashirhpxdnnod.supabase.co%2Fstorage%2Fv1%2Fobject%2Fpublic%2Fmenu-products%2F0b5eb050-071e-48b4-87c6-9647d7f926d8%2Fmenu%2Fimages%2Fmenu%2Fpastas%2Fcaserecce-ruota.jpg&w=640&q=75 500 in 1926ms (next.js: 1735ms, application-code: 191ms)
 GET /_next/image?url=https%3A%2F%2Fkfovdzpashirhpxdnnod.supabase.co%2Fstorage%2Fv1%2Fobject%2Fpublic%2Fmenu-products%2F0b5eb050-071e-48b4-87c6-9647d7f926d8%2Fmenu%2Fimages%2Fmenu%2Fprincipales%2Fbife-chorizo.jpg&w=640&q=75 500 in 1851ms (next.js: 1746ms, application-code: 104ms)
 GET /_next/image?url=https%3A%2F%2Fkfovdzpashirhpxdnnod.supabase.co%2Fstorage%2Fv1%2Fobject%2Fpublic%2Fmenu-products%2F0b5eb050-071e-48b4-87c6-9647d7f926d8%2Fmenu%2Fimages%2Fmenu%2Fprincipales%2Fbife-chorizo.jpg&w=640&q=75 500 in 1851ms (next.js: 1746ms, application-code: 105ms)
 GET /_next/image?url=https%3A%2F%2Fkfovdzpashirhpxdnnod.supabase.co%2Fstorage%2Fv1%2Fobject%2Fpublic%2Fmenu-products%2F0b5eb050-071e-48b4-87c6-9647d7f926d8%2Fmenu%2Fimages%2Fmenu%2Fpizzas%2Fpizza-burrata.jpg&w=640&q=75 500 in 1482ms (next.js: 1440ms, application-code: 42ms)
 GET /_next/image?url=https%3A%2F%2Fkfovdzpashirhpxdnnod.supabase.co%2Fstorage%2Fv1%2Fobject%2Fpublic%2Fmenu-products%2F0b5eb050-071e-48b4-87c6-9647d7f926d8%2Fmenu%2Fimages%2Fmenu%2Fpizzas%2Fpizza-burrata.jpg&w=640&q=75 500 in 1482ms (next.js: 1440ms, application-code: 42ms)
 GET /_next/image?url=https%3A%2F%2Fkfovdzpashirhpxdnnod.supabase.co%2Fstorage%2Fv1%2Fobject%2Fpublic%2Fmenu-products%2F0b5eb050-071e-48b4-87c6-9647d7f926d8%2Fmenu%2Fimages%2Fmenu%2Fpastas%2Fnoquis-papa.jpg&w=640&q=75 500 in 1245ms (next.js: 1158ms, application-code: 87ms)
 GET /_next/image?url=https%3A%2F%2Fkfovdzpashirhpxdnnod.supabase.co%2Fstorage%2Fv1%2Fobject%2Fpublic%2Fmenu-products%2F0b5eb050-071e-48b4-87c6-9647d7f926d8%2Fmenu%2Fimages%2Fmenu%2Fpastas%2Fnoquis-papa.jpg&w=640&q=75 500 in 1245ms (next.js: 1158ms, application-code: 87ms)
 GET /_next/image?url=https%3A%2F%2Fkfovdzpashirhpxdnnod.supabase.co%2Fstorage%2Fv1%2Fobject%2Fpublic%2Fmenu-products%2F0b5eb050-071e-48b4-87c6-9647d7f926d8%2Fmenu%2Fimages%2Fmenu%2Fpastas%2Fnoquis-ricota.jpg&w=640&q=75 500 in 1163ms (next.js: 1103ms, application-code: 60ms)
 GET /_next/image?url=https%3A%2F%2Fkfovdzpashirhpxdnnod.supabase.co%2Fstorage%2Fv1%2Fobject%2Fpublic%2Fmenu-products%2F0b5eb050-071e-48b4-87c6-9647d7f926d8%2Fmenu%2Fimages%2Fmenu%2Fpastas%2Fnoquis-ricota.jpg&w=640&q=75 500 in 1163ms (next.js: 1103ms, application-code: 60ms)
 GET /_next/image?url=https%3A%2F%2Fkfovdzpashirhpxdnnod.supabase.co%2Fstorage%2Fv1%2Fobject%2Fpublic%2Fmenu-products%2F0b5eb050-071e-48b4-87c6-9647d7f926d8%2Fmenu%2Fimages%2Fmenu%2Fpizzas%2Fpizza-clasica.jpg&w=640&q=75 500 in 297ms (next.js: 270ms, application-code: 27ms)
 GET /_next/image?url=https%3A%2F%2Fkfovdzpashirhpxdnnod.supabase.co%2Fstorage%2Fv1%2Fobject%2Fpublic%2Fmenu-products%2F0b5eb050-071e-48b4-87c6-9647d7f926d8%2Fmenu%2Fimages%2Fmenu%2Fpizzas%2Fpizza-clasica.jpg&w=640&q=75 500 in 297ms (next.js: 270ms, application-code: 27ms)
 GET /_next/image?url=https%3A%2F%2Fkfovdzpashirhpxdnnod.supabase.co%2Fstorage%2Fv1%2Fobject%2Fpublic%2Fmenu-products%2F0b5eb050-071e-48b4-87c6-9647d7f926d8%2Fmenu%2Fimages%2Fmenu%2Fpizzas%2Fpizza-langostinos.jpg&w=640&q=75 500 in 3.7s (next.js: 3.4s, application-code: 294ms)
 GET /_next/image?url=https%3A%2F%2Fkfovdzpashirhpxdnnod.supabase.co%2Fstorage%2Fv1%2Fobject%2Fpublic%2Fmenu-products%2F0b5eb050-071e-48b4-87c6-9647d7f926d8%2Fmenu%2Fimages%2Fmenu%2Fpizzas%2Fpizza-langostinos.jpg&w=640&q=75 500 in 3.7s (next.js: 3.4s, application-code: 295ms)
 GET /_next/image?url=https%3A%2F%2Fupload.wikimedia.org%2Fwikipedia%2Fcommons%2Fthumb%2F2%2F23%2FCaesar_salad_%25282%2529.jpg%2F960px-Caesar_salad_%25282%2529.jpg%3Futm_source%3Dcommons.wikimedia.org%26utm_campaign%3Dimageinfo%26utm_content%3Dthumbnail&w=640&q=75 500 in 4.1s (next.js: 3.7s, application-code: 366ms)
 GET /_next/image?url=https%3A%2F%2Fupload.wikimedia.org%2Fwikipedia%2Fcommons%2Fthumb%2F2%2F23%2FCaesar_salad_%25282%2529.jpg%2F960px-Caesar_salad_%25282%2529.jpg%3Futm_source%3Dcommons.wikimedia.org%26utm_campaign%3Dimageinfo%26utm_content%3Dthumbnail&w=640&q=75 500 in 4.1s (next.js: 3.7s, application-code: 367ms)
 GET /_next/image?url=https%3A%2F%2Fupload.wikimedia.org%2Fwikipedia%2Fcommons%2Fthumb%2F0%2F00%2FBurrata_salad_with_arugula%252C_fig_jam%252C_and_pistachios_-_San_Francisco%252C_CA.jpg%2F960px-Burrata_salad_with_arugula%252C_fig_jam%252C_and_pistachios_-_San_Francisco%252C_CA.jpg%3Futm_source%3Dcommons.wikimedia.org%26utm_campaign%3Dimageinfo%26utm_content%3Dthumbnail&w=640&q=75 500 in 4.0s (next.js: 3.7s, application-code: 274ms)
 GET /_next/image?url=https%3A%2F%2Fupload.wikimedia.org%2Fwikipedia%2Fcommons%2Fthumb%2F0%2F00%2FBurrata_salad_with_arugula%252C_fig_jam%252C_and_pistachios_-_San_Francisco%252C_CA.jpg%2F960px-Burrata_salad_with_arugula%252C_fig_jam%252C_and_pistachios_-_San_Francisco%252C_CA.jpg%3Futm_source%3Dcommons.wikimedia.org%26utm_campaign%3Dimageinfo%26utm_content%3Dthumbnail&w=640&q=75 500 in 4.0s (next.js: 3.7s, application-code: 274ms)
 GET /_next/image?url=https%3A%2F%2Fupload.wikimedia.org%2Fwikipedia%2Fcommons%2Fthumb%2F4%2F48%2FBoiled_pumpkin_with_roasted_sweet_potato_and_vegetables.jpg%2F960px-Boiled_pumpkin_with_roasted_sweet_potato_and_vegetables.jpg%3Futm_source%3Dcommons.wikimedia.org%26utm_campaign%3Dimageinfo%26utm_content%3Dthumbnail&w=640&q=75 500 in 3.8s (next.js: 3.6s, application-code: 224ms)
 GET /_next/image?url=https%3A%2F%2Fupload.wikimedia.org%2Fwikipedia%2Fcommons%2Fthumb%2F4%2F48%2FBoiled_pumpkin_with_roasted_sweet_potato_and_vegetables.jpg%2F960px-Boiled_pumpkin_with_roasted_sweet_potato_and_vegetables.jpg%3Futm_source%3Dcommons.wikimedia.org%26utm_campaign%3Dimageinfo%26utm_content%3Dthumbnail&w=640&q=75 500 in 3.8s (next.js: 3.6s, application-code: 224ms)
 GET /_next/image?url=https%3A%2F%2Fkfovdzpashirhpxdnnod.supabase.co%2Fstorage%2Fv1%2Fobject%2Fpublic%2Fmenu-products%2F0b5eb050-071e-48b4-87c6-9647d7f926d8%2Fmenu%2Fimages%2Fmenu%2Fpizzas%2Fpizza-especial.jpg&w=640&q=75 500 in 3.9s (next.js: 3.8s, application-code: 184ms)
 GET /_next/image?url=https%3A%2F%2Fkfovdzpashirhpxdnnod.supabase.co%2Fstorage%2Fv1%2Fobject%2Fpublic%2Fmenu-products%2F0b5eb050-071e-48b4-87c6-9647d7f926d8%2Fmenu%2Fimages%2Fmenu%2Fpizzas%2Fpizza-especial.jpg&w=640&q=75 500 in 3.9s (next.js: 3.8s, application-code: 185ms)
 GET /_next/image?url=https%3A%2F%2Fkfovdzpashirhpxdnnod.supabase.co%2Fstorage%2Fv1%2Fobject%2Fpublic%2Fmenu-products%2F0b5eb050-071e-48b4-87c6-9647d7f926d8%2Fmenu%2Fimages%2Fmenu%2Fpizzas%2Fpizza-napolitana.jpg&w=640&q=75 500 in 4.8s (next.js: 2.8s, application-code: 2.1s)
 GET /_next/image?url=https%3A%2F%2Fkfovdzpashirhpxdnnod.supabase.co%2Fstorage%2Fv1%2Fobject%2Fpublic%2Fmenu-products%2F0b5eb050-071e-48b4-87c6-9647d7f926d8%2Fmenu%2Fimages%2Fmenu%2Fpizzas%2Fpizza-napolitana.jpg&w=640&q=75 500 in 4.8s (next.js: 2.8s, application-code: 2.1s)
 GET /_next/image?url=https%3A%2F%2Fkfovdzpashirhpxdnnod.supabase.co%2Fstorage%2Fv1%2Fobject%2Fpublic%2Fmenu-products%2F0b5eb050-071e-48b4-87c6-9647d7f926d8%2Fmenu%2Fimages%2Fmenu%2Fprincipales%2Fojo-bife.jpg&w=640&q=75 500 in 4.2s (next.js: 2.9s, application-code: 1374ms)
 GET /_next/image?url=https%3A%2F%2Fkfovdzpashirhpxdnnod.supabase.co%2Fstorage%2Fv1%2Fobject%2Fpublic%2Fmenu-products%2F0b5eb050-071e-48b4-87c6-9647d7f926d8%2Fmenu%2Fimages%2Fmenu%2Fprincipales%2Fojo-bife.jpg&w=640&q=75 500 in 4.2s (next.js: 2.9s, application-code: 1374ms)
 GET /_next/image?url=https%3A%2F%2Fkfovdzpashirhpxdnnod.supabase.co%2Fstorage%2Fv1%2Fobject%2Fpublic%2Fmenu-products%2F0b5eb050-071e-48b4-87c6-9647d7f926d8%2Fmenu%2Fimages%2Fmenu%2Fprincipales%2Fosobuco-milanese.webp&w=640&q=75 500 in 4.4s (next.js: 4.2s, application-code: 240ms)
 GET /_next/image?url=https%3A%2F%2Fkfovdzpashirhpxdnnod.supabase.co%2Fstorage%2Fv1%2Fobject%2Fpublic%2Fmenu-products%2F0b5eb050-071e-48b4-87c6-9647d7f926d8%2Fmenu%2Fimages%2Fmenu%2Fprincipales%2Fosobuco-milanese.webp&w=640&q=75 500 in 4.4s (next.js: 4.2s, application-code: 240ms)
 GET /_next/image?url=https%3A%2F%2Fkfovdzpashirhpxdnnod.supabase.co%2Fstorage%2Fv1%2Fobject%2Fpublic%2Fmenu-products%2F0b5eb050-071e-48b4-87c6-9647d7f926d8%2Fmenu%2Fimages%2Fmenu%2Fprincipales%2Fpacu.jpg&w=640&q=75 500 in 4.4s (next.js: 4.2s, application-code: 171ms)
 GET /_next/image?url=https%3A%2F%2Fkfovdzpashirhpxdnnod.supabase.co%2Fstorage%2Fv1%2Fobject%2Fpublic%2Fmenu-products%2F0b5eb050-071e-48b4-87c6-9647d7f926d8%2Fmenu%2Fimages%2Fmenu%2Fprincipales%2Fpacu.jpg&w=640&q=75 500 in 4.4s (next.js: 4.2s, application-code: 172ms)
 GET /_next/image?url=https%3A%2F%2Fkfovdzpashirhpxdnnod.supabase.co%2Fstorage%2Fv1%2Fobject%2Fpublic%2Fmenu-products%2F0b5eb050-071e-48b4-87c6-9647d7f926d8%2Fmenu%2Fimages%2Fmenu%2Fpastas%2Fpanzottis-cordero.jpg&w=640&q=75 500 in 4.4s (next.js: 4.3s, application-code: 124ms)
 GET /_next/image?url=https%3A%2F%2Fkfovdzpashirhpxdnnod.supabase.co%2Fstorage%2Fv1%2Fobject%2Fpublic%2Fmenu-products%2F0b5eb050-071e-48b4-87c6-9647d7f926d8%2Fmenu%2Fimages%2Fmenu%2Fpastas%2Fpanzottis-cordero.jpg&w=640&q=75 500 in 4.4s (next.js: 4.3s, application-code: 124ms)
 GET /_next/image?url=https%3A%2F%2Fkfovdzpashirhpxdnnod.supabase.co%2Fstorage%2Fv1%2Fobject%2Fpublic%2Fmenu-products%2F0b5eb050-071e-48b4-87c6-9647d7f926d8%2Fmenu%2Fimages%2Fmenu%2Fpizzas%2Fpizza-peras.jpg&w=640&q=75 500 in 4.5s (next.js: 4.3s, application-code: 151ms)
 GET /_next/image?url=https%3A%2F%2Fkfovdzpashirhpxdnnod.supabase.co%2Fstorage%2Fv1%2Fobject%2Fpublic%2Fmenu-products%2F0b5eb050-071e-48b4-87c6-9647d7f926d8%2Fmenu%2Fimages%2Fmenu%2Fpizzas%2Fpizza-peras.jpg&w=640&q=75 500 in 4.5s (next.js: 4.3s, application-code: 152ms)
 GET /_next/image?url=https%3A%2F%2Fkfovdzpashirhpxdnnod.supabase.co%2Fstorage%2Fv1%2Fobject%2Fpublic%2Fmenu-products%2F0b5eb050-071e-48b4-87c6-9647d7f926d8%2Fmenu%2Fimages%2Fmenu%2Fpastas%2Fpanzottis-mar.jpg&w=640&q=75 500 in 3.7s (next.js: 2.7s, application-code: 983ms)
 GET /_next/image?url=https%3A%2F%2Fkfovdzpashirhpxdnnod.supabase.co%2Fstorage%2Fv1%2Fobject%2Fpublic%2Fmenu-products%2F0b5eb050-071e-48b4-87c6-9647d7f926d8%2Fmenu%2Fimages%2Fmenu%2Fpastas%2Fpanzottis-mar.jpg&w=640&q=75 500 in 3.7s (next.js: 2.7s, application-code: 983ms)
 GET /_next/image?url=https%3A%2F%2Fkfovdzpashirhpxdnnod.supabase.co%2Fstorage%2Fv1%2Fobject%2Fpublic%2Fmenu-products%2F0b5eb050-071e-48b4-87c6-9647d7f926d8%2Fmenu%2Fimages%2Fmenu%2Fpastas%2Fravioles-salmon.jpg&w=640&q=75 500 in 3.5s (next.js: 2.9s, application-code: 599ms)
 GET /_next/image?url=https%3A%2F%2Fkfovdzpashirhpxdnnod.supabase.co%2Fstorage%2Fv1%2Fobject%2Fpublic%2Fmenu-products%2F0b5eb050-071e-48b4-87c6-9647d7f926d8%2Fmenu%2Fimages%2Fmenu%2Fpastas%2Fravioles-salmon.jpg&w=640&q=75 500 in 3.5s (next.js: 2.9s, application-code: 599ms)
 GET /_next/image?url=https%3A%2F%2Fkfovdzpashirhpxdnnod.supabase.co%2Fstorage%2Fv1%2Fobject%2Fpublic%2Fmenu-products%2F0b5eb050-071e-48b4-87c6-9647d7f926d8%2Fmenu%2Fimages%2Fmenu%2Fprincipales%2Frisotto-calabaza.jpg&w=640&q=75 500 in 5.0s (next.js: 3.3s, application-code: 1674ms)
 GET /_next/image?url=https%3A%2F%2Fkfovdzpashirhpxdnnod.supabase.co%2Fstorage%2Fv1%2Fobject%2Fpublic%2Fmenu-products%2F0b5eb050-071e-48b4-87c6-9647d7f926d8%2Fmenu%2Fimages%2Fmenu%2Fprincipales%2Frisotto-calabaza.jpg&w=640&q=75 500 in 5.0s (next.js: 3.3s, application-code: 1675ms)
 GET /_next/image?url=https%3A%2F%2Fkfovdzpashirhpxdnnod.supabase.co%2Fstorage%2Fv1%2Fobject%2Fpublic%2Fmenu-products%2F0b5eb050-071e-48b4-87c6-9647d7f926d8%2Fmenu%2Fimages%2Fmenu%2Fpastas%2Fravioles-osobuco.jpg&w=640&q=75 500 in 5.6s (next.js: 4.4s, application-code: 1160ms)
 GET /_next/image?url=https%3A%2F%2Fkfovdzpashirhpxdnnod.supabase.co%2Fstorage%2Fv1%2Fobject%2Fpublic%2Fmenu-products%2F0b5eb050-071e-48b4-87c6-9647d7f926d8%2Fmenu%2Fimages%2Fmenu%2Fpastas%2Fravioles-osobuco.jpg&w=640&q=75 500 in 5.6s (next.js: 4.4s, application-code: 1162ms)
 GET /_next/image?url=https%3A%2F%2Fkfovdzpashirhpxdnnod.supabase.co%2Fstorage%2Fv1%2Fobject%2Fpublic%2Fmenu-products%2F0b5eb050-071e-48b4-87c6-9647d7f926d8%2Fmenu%2Fimages%2Fmenu%2Fpizzas%2Fpizza-rucula.jpg&w=640&q=75 500 in 5.6s (next.js: 4.5s, application-code: 1039ms)
 GET /_next/image?url=https%3A%2F%2Fkfovdzpashirhpxdnnod.supabase.co%2Fstorage%2Fv1%2Fobject%2Fpublic%2Fmenu-products%2F0b5eb050-071e-48b4-87c6-9647d7f926d8%2Fmenu%2Fimages%2Fmenu%2Fpizzas%2Fpizza-rucula.jpg&w=640&q=75 500 in 5.6s (next.js: 4.5s, application-code: 1040ms)
 GET /_next/image?url=https%3A%2F%2Fkfovdzpashirhpxdnnod.supabase.co%2Fstorage%2Fv1%2Fobject%2Fpublic%2Fmenu-products%2F0b5eb050-071e-48b4-87c6-9647d7f926d8%2Fmenu%2Fimages%2Fmenu%2Fprincipales%2Frisotto-gamberi.jpg&w=640&q=75 500 in 5.1s (next.js: 4.6s, application-code: 539ms)
 GET /_next/image?url=https%3A%2F%2Fkfovdzpashirhpxdnnod.supabase.co%2Fstorage%2Fv1%2Fobject%2Fpublic%2Fmenu-products%2F0b5eb050-071e-48b4-87c6-9647d7f926d8%2Fmenu%2Fimages%2Fmenu%2Fprincipales%2Frisotto-gamberi.jpg&w=640&q=75 500 in 5.1s (next.js: 4.6s, application-code: 540ms)
 GET /_next/image?url=https%3A%2F%2Fkfovdzpashirhpxdnnod.supabase.co%2Fstorage%2Fv1%2Fobject%2Fpublic%2Fmenu-products%2F0b5eb050-071e-48b4-87c6-9647d7f926d8%2Fmenu%2Fimages%2Fmenu%2Fprincipales%2Fsalmon.jpg&w=640&q=75 500 in 4.3s (next.js: 3.9s, application-code: 400ms)
 GET /_next/image?url=https%3A%2F%2Fkfovdzpashirhpxdnnod.supabase.co%2Fstorage%2Fv1%2Fobject%2Fpublic%2Fmenu-products%2F0b5eb050-071e-48b4-87c6-9647d7f926d8%2Fmenu%2Fimages%2Fmenu%2Fprincipales%2Fsalmon.jpg&w=640&q=75 500 in 4.3s (next.js: 3.9s, application-code: 400ms)
 GET /_next/image?url=https%3A%2F%2Fkfovdzpashirhpxdnnod.supabase.co%2Fstorage%2Fv1%2Fobject%2Fpublic%2Fmenu-products%2F0b5eb050-071e-48b4-87c6-9647d7f926d8%2Fmenu%2Fimages%2Fmenu%2Fpastas%2Fsorrentinos-calabaza.jpg&w=640&q=75 500 in 3.8s (next.js: 3.3s, application-code: 445ms)
 GET /_next/image?url=https%3A%2F%2Fkfovdzpashirhpxdnnod.supabase.co%2Fstorage%2Fv1%2Fobject%2Fpublic%2Fmenu-products%2F0b5eb050-071e-48b4-87c6-9647d7f926d8%2Fmenu%2Fimages%2Fmenu%2Fpastas%2Fsorrentinos-calabaza.jpg&w=640&q=75 500 in 3.8s (next.js: 3.3s, application-code: 445ms)
 GET /_next/image?url=https%3A%2F%2Fkfovdzpashirhpxdnnod.supabase.co%2Fstorage%2Fv1%2Fobject%2Fpublic%2Fmenu-products%2F0b5eb050-071e-48b4-87c6-9647d7f926d8%2Fmenu%2Fimages%2Fmenu%2Fpastas%2Fsorrentinos-hongos.jpg&w=640&q=75 500 in 3.2s (next.js: 2.7s, application-code: 495ms)
 GET /_next/image?url=https%3A%2F%2Fkfovdzpashirhpxdnnod.supabase.co%2Fstorage%2Fv1%2Fobject%2Fpublic%2Fmenu-products%2F0b5eb050-071e-48b4-87c6-9647d7f926d8%2Fmenu%2Fimages%2Fmenu%2Fpastas%2Fsorrentinos-hongos.jpg&w=640&q=75 500 in 3.2s (next.js: 2.7s, application-code: 496ms)
 GET /_next/image?url=https%3A%2F%2Fkfovdzpashirhpxdnnod.supabase.co%2Fstorage%2Fv1%2Fobject%2Fpublic%2Fmenu-products%2F0b5eb050-071e-48b4-87c6-9647d7f926d8%2Fmenu%2Fimages%2Fmenu%2Fprincipales%2Fmolleja-verdeo.jpg&w=640&q=75 500 in 3.1s (next.js: 2.7s, application-code: 349ms)
 GET /_next/image?url=https%3A%2F%2Fkfovdzpashirhpxdnnod.supabase.co%2Fstorage%2Fv1%2Fobject%2Fpublic%2Fmenu-products%2F0b5eb050-071e-48b4-87c6-9647d7f926d8%2Fmenu%2Fimages%2Fmenu%2Fprincipales%2Fmolleja-verdeo.jpg&w=640&q=75 500 in 3.1s (next.js: 2.7s, application-code: 350ms)
 GET /_next/image?url=https%3A%2F%2Fkfovdzpashirhpxdnnod.supabase.co%2Fstorage%2Fv1%2Fobject%2Fpublic%2Fmenu-products%2F0b5eb050-071e-48b4-87c6-9647d7f926d8%2Fmenu%2Fimages%2Fmenu%2Fprincipales%2Fmilanese-vitello.jpg&w=640&q=75 500 in 2.4s (next.js: 1992ms, application-code: 457ms)
 GET /_next/image?url=https%3A%2F%2Fkfovdzpashirhpxdnnod.supabase.co%2Fstorage%2Fv1%2Fobject%2Fpublic%2Fmenu-products%2F0b5eb050-071e-48b4-87c6-9647d7f926d8%2Fmenu%2Fimages%2Fmenu%2Fprincipales%2Fmilanese-vitello.jpg&w=640&q=75 500 in 2.5s (next.js: 1992ms, application-code: 458ms)
 GET /_next/image?url=https%3A%2F%2Fkfovdzpashirhpxdnnod.supabase.co%2Fstorage%2Fv1%2Fobject%2Fpublic%2Fmenu-products%2F0b5eb050-071e-48b4-87c6-9647d7f926d8%2Fmenu%2Fimages%2Fmenu%2Fprincipales%2Fmilanesa-alma.jpg&w=640&q=75 500 in 3.5s (next.js: 3.1s, application-code: 393ms)
 GET /_next/image?url=https%3A%2F%2Fkfovdzpashirhpxdnnod.supabase.co%2Fstorage%2Fv1%2Fobject%2Fpublic%2Fmenu-products%2F0b5eb050-071e-48b4-87c6-9647d7f926d8%2Fmenu%2Fimages%2Fmenu%2Fprincipales%2Fmilanesa-alma.jpg&w=640&q=75 500 in 3.5s (next.js: 3.1s, application-code: 393ms)
 GET /_next/image?url=https%3A%2F%2Fkfovdzpashirhpxdnnod.supabase.co%2Fstorage%2Fv1%2Fobject%2Fpublic%2Fmenu-products%2F0b5eb050-071e-48b4-87c6-9647d7f926d8%2Fmenu%2Fimages%2Fmenu%2Fpastas%2Flasagna-ternera.jpg&w=640&q=75 500 in 4.2s (next.js: 3.5s, application-code: 666ms)
 GET /_next/image?url=https%3A%2F%2Fkfovdzpashirhpxdnnod.supabase.co%2Fstorage%2Fv1%2Fobject%2Fpublic%2Fmenu-products%2F0b5eb050-071e-48b4-87c6-9647d7f926d8%2Fmenu%2Fimages%2Fmenu%2Fpastas%2Flasagna-ternera.jpg&w=640&q=75 500 in 4.2s (next.js: 3.5s, application-code: 666ms)
 GET /_next/image?url=https%3A%2F%2Fkfovdzpashirhpxdnnod.supabase.co%2Fstorage%2Fv1%2Fobject%2Fpublic%2Fmenu-products%2F0b5eb050-071e-48b4-87c6-9647d7f926d8%2Fmenu%2Fimages%2Fmenu%2Fpizzas%2Fpizza-funghi.webp&w=640&q=75 500 in 3.8s (next.js: 3.6s, application-code: 167ms)
 GET /_next/image?url=https%3A%2F%2Fkfovdzpashirhpxdnnod.supabase.co%2Fstorage%2Fv1%2Fobject%2Fpublic%2Fmenu-products%2F0b5eb050-071e-48b4-87c6-9647d7f926d8%2Fmenu%2Fimages%2Fmenu%2Fpizzas%2Fpizza-funghi.webp&w=640&q=75 500 in 3.8s (next.js: 3.6s, application-code: 167ms)
 GET /_next/image?url=https%3A%2F%2Fkfovdzpashirhpxdnnod.supabase.co%2Fstorage%2Fv1%2Fobject%2Fpublic%2Fmenu-products%2F0b5eb050-071e-48b4-87c6-9647d7f926d8%2Fmenu%2Fimages%2Fmenu%2Fpizzas%2Fpizza-fugazzeta.jpg&w=640&q=75 500 in 3.8s (next.js: 3.6s, application-code: 202ms)
 GET /_next/image?url=https%3A%2F%2Fkfovdzpashirhpxdnnod.supabase.co%2Fstorage%2Fv1%2Fobject%2Fpublic%2Fmenu-products%2F0b5eb050-071e-48b4-87c6-9647d7f926d8%2Fmenu%2Fimages%2Fmenu%2Fpizzas%2Fpizza-fugazzeta.jpg&w=640&q=75 500 in 3.8s (next.js: 3.6s, application-code: 202ms)
 GET /_next/image?url=https%3A%2F%2Fkfovdzpashirhpxdnnod.supabase.co%2Fstorage%2Fv1%2Fobject%2Fpublic%2Fmenu-products%2F0b5eb050-071e-48b4-87c6-9647d7f926d8%2Fmenu%2Fimages%2Fmenu%2Fpastas%2Fsorrentinos-jamon.webp&w=640&q=75 500 in 2.5s (next.js: 2.2s, application-code: 231ms)
 GET /_next/image?url=https%3A%2F%2Fkfovdzpashirhpxdnnod.supabase.co%2Fstorage%2Fv1%2Fobject%2Fpublic%2Fmenu-products%2F0b5eb050-071e-48b4-87c6-9647d7f926d8%2Fmenu%2Fimages%2Fmenu%2Fpastas%2Fsorrentinos-jamon.webp&w=640&q=75 500 in 2.5s (next.js: 2.2s, application-code: 232ms)
 GET /_next/image?url=https%3A%2F%2Fkfovdzpashirhpxdnnod.supabase.co%2Fstorage%2Fv1%2Fobject%2Fpublic%2Fmenu-products%2F0b5eb050-071e-48b4-87c6-9647d7f926d8%2Fmenu%2Fimages%2Fmenu%2Fpastas%2Fsorrentinos-ternera.jpg&w=640&q=75 500 in 2.3s (next.js: 2.1s, application-code: 225ms)
 GET /_next/image?url=https%3A%2F%2Fkfovdzpashirhpxdnnod.supabase.co%2Fstorage%2Fv1%2Fobject%2Fpublic%2Fmenu-products%2F0b5eb050-071e-48b4-87c6-9647d7f926d8%2Fmenu%2Fimages%2Fmenu%2Fpastas%2Fsorrentinos-ternera.jpg&w=640&q=75 500 in 2.3s (next.js: 2.1s, application-code: 226ms)
 GET /_next/image?url=https%3A%2F%2Fkfovdzpashirhpxdnnod.supabase.co%2Fstorage%2Fv1%2Fobject%2Fpublic%2Fmenu-products%2F0b5eb050-071e-48b4-87c6-9647d7f926d8%2Fmenu%2Fimages%2Fmenu%2Fpastas%2Ftagliatelle-carbonara.jpg&w=640&q=75 500 in 1685ms (next.js: 1548ms, application-code: 137ms)
 GET /_next/image?url=https%3A%2F%2Fkfovdzpashirhpxdnnod.supabase.co%2Fstorage%2Fv1%2Fobject%2Fpublic%2Fmenu-products%2F0b5eb050-071e-48b4-87c6-9647d7f926d8%2Fmenu%2Fimages%2Fmenu%2Fpastas%2Ftagliatelle-carbonara.jpg&w=640&q=75 500 in 1685ms (next.js: 1548ms, application-code: 137ms)
 GET /menu 200 in 1056ms (next.js: 55ms, application-code: 1001ms)
 GET /menu 200 in 537ms (next.js: 24ms, application-code: 512ms)
 GET /menu 200 in 661ms (next.js: 40ms, application-code: 621ms)
 GET /menu/entradas-0 200 in 473ms (next.js: 48ms, application-code: 425ms)
 GET /_next/image?url=https%3A%2F%2Fkfovdzpashirhpxdnnod.supabase.co%2Fstorage%2Fv1%2Fobject%2Fpublic%2Fmenu-products%2F0b5eb050-071e-48b4-87c6-9647d7f926d8%2Fmenu%2Fimages%2Fmenu%2Fentradas%2Fbunuelo.jpg&w=640&q=75 500 in 1252ms (next.js: 1208ms, application-code: 44ms)
 GET /_next/image?url=https%3A%2F%2Fkfovdzpashirhpxdnnod.supabase.co%2Fstorage%2Fv1%2Fobject%2Fpublic%2Fmenu-products%2F0b5eb050-071e-48b4-87c6-9647d7f926d8%2Fmenu%2Fimages%2Fmenu%2Fentradas%2Fbunuelo.jpg&w=640&q=75 500 in 1252ms (next.js: 1208ms, application-code: 44ms)
 GET /menu/principales-1 200 in 2.8s (next.js: 640ms, application-code: 2.2s)
 GET /menu/principales-1 200 in 1661ms (next.js: 488ms, application-code: 1173ms)
 GET /menu/principales-1 200 in 713ms (next.js: 190ms, application-code: 523ms)
 GET /menu/principales-1 200 in 720ms (next.js: 40ms, application-code: 680ms)
 GET /menu/principales-1 200 in 721ms (next.js: 385ms, application-code: 336ms)
 GET /menu/principales-1 200 in 1342ms (next.js: 453ms, application-code: 889ms)
 GET /menu/entradas-0 200 in 1453ms (next.js: 34ms, application-code: 1419ms)
 GET /menu/entradas-0 200 in 504ms (next.js: 36ms, application-code: 468ms)
 GET /menu 200 in 3.2s (next.js: 792ms, application-code: 2.4s)
 GET /menu 200 in 1138ms (next.js: 24ms, application-code: 1114ms)
 GET /menu/comidas-2 200 in 695ms (next.js: 84ms, application-code: 612ms)
 GET /menu 200 in 329ms (next.js: 15ms, application-code: 314ms)
 GET /menu/principales-1 200 in 248ms (next.js: 30ms, application-code: 218ms)
 GET /menu/principales-1 200 in 27.4s (next.js: 9.5s, application-code: 17.9s)
 GET /menu/principales-1 200 in 5.9s (next.js: 2.1s, application-code: 3.7s)
 GET /menu/principales-1 200 in 22.5s (next.js: 1183ms, application-code: 21.4s)
 GET /menu/principales-1 200 in 22.7s (next.js: 1453ms, application-code: 21.3s)
 GET /menu/principales-1 200 in 22.7s (next.js: 1700ms, application-code: 21.0s)
 GET /menu/principales-1 200 in 22.7s (next.js: 1948ms, application-code: 20.8s)
 GET /menu/principales-1 200 in 9.5s (next.js: 652ms, application-code: 8.8s)
 GET / 200 in 120s (next.js: 362ms, application-code: 119s)
 GET /menu 200 in 3.1s (next.js: 1711ms, application-code: 1402ms)
 GET /menu 200 in 11.3s (next.js: 2.8s, application-code: 8.5s)
 GET /menu 200 in 11.2s (next.js: 3.5s, application-code: 7.7s)
 GET / 200 in 29.3s (next.js: 1292ms, application-code: 28.0s)
▲ Next.js 16.2.10 (Turbopack)
- Local:         http://localhost:3002
- Network:       http://10.0.2.143:3002
✓ Ready in 1636ms

 GET /menu/principales-1 200 in 2.6s (next.js: 1570ms, application-code: 1075ms)
 GET /menu/postres-6 200 in 348ms (next.js: 39ms, application-code: 309ms)
 GET /menu/principales-1 200 in 22.6s (next.js: 3.8s, application-code: 18.7s)
 GET /menu/principales-1 200 in 15.9s (next.js: 1102ms, application-code: 14.8s)
 GET /menu/principales-1 200 in 13.6s (next.js: 2.0s, application-code: 11.6s)
 GET /menu/principales-1 200 in 12.1s (next.js: 3.1s, application-code: 9.1s)
○ Compiling /menu ...
 GET / 200 in 2.9min (next.js: 2.2s, application-code: 2.9min)
 GET /menu 200 in 2.5min (next.js: 105s, application-code: 44s)
▲ Next.js 16.2.10 (Turbopack)
- Local:         http://localhost:3002
- Network:       http://10.0.2.143:3002
✓ Ready in 1038ms

 GET /menu/postres-6 200 in 3.5s (next.js: 1593ms, application-code: 1916ms)
 GET /menu/principales-1 200 in 2.5s (next.js: 522ms, application-code: 1934ms)
 GET /menu/postres-6 200 in 1009ms (next.js: 340ms, application-code: 669ms)
 GET /menu/principales-1 200 in 990ms (next.js: 583ms, application-code: 406ms)
 GET /menu/postres-6 200 in 2.6s (next.js: 166ms, application-code: 2.5s)
 GET /menu 200 in 882ms (next.js: 233ms, application-code: 649ms)
 GET / 200 in 1152ms (next.js: 293ms, application-code: 858ms)
 GET / 200 in 579ms (next.js: 46ms, application-code: 533ms)
 GET / 200 in 339ms (next.js: 26ms, application-code: 313ms)
 GET /menu 200 in 436ms (next.js: 35ms, application-code: 401ms)
 GET /menu/postres-6 200 in 965ms (next.js: 103ms, application-code: 862ms)
 GET /menu/postres-6 200 in 396ms (next.js: 21ms, application-code: 375ms)
[?25h
