[browser] Uncaught Error: Hydration failed because the server rendered HTML didn't match the client. As a result this tree will be regenerated on the client. This can happen if a SSR-ed Client Component used:

- A server/client branch `if (typeof window !== 'undefined')`.
- Variable input such as `Date.now()` or `Math.random()` which changes each time it's called.
- Date formatting in a user's locale which doesn't match the server.
- External changing data without sending a snapshot of it along with the HTML.
- Invalid HTML tag nesting.

It can also happen if the client has a browser extension installed which messes with the HTML before React loaded.

https://react.dev/link/hydration-mismatch

  ...
    <HotReload globalError={[...]} webSocket={WebSocket} staticIndicatorState={{pathname:null, ...}}>
      <AppDevOverlayErrorBoundary globalError={[...]}>
        <ReplaySsrOnlyErrors>
        <DevRootHTTPAccessFallbackBoundary>
          <HTTPAccessFallbackBoundary notFound={<NotAllowedRootHTTPFallbackError>}>
            <HTTPAccessFallbackErrorBoundary pathname="/" notFound={<NotAllowedRootHTTPFallbackError>} ...>
              <RedirectBoundary>
                <RedirectErrorBoundary router={{...}}>
                  <Head headCacheNode={{rsc:{...}, ...}}>
                    <__next_viewport_boundary__>
                    <MetadataWrapper>
                      <div
+                       hidden={true}
-                       hidden={null}
-                       style={{display:"contents"}}
                      >
                        <__next_metadata_boundary__>
+                         <Suspense name="Next.Metadata">
                    ...
                  ...

    at <unknown> (https://react.dev/link/hydration-mismatch)
    at throwOnHydrationMismatch (file://C:/Users/octav/OneDrive/Documentos/Portafolio/restaurante/APP_Restoran/.next/dev/static/chunks/node_modules_next_dist_compiled_react-dom_096_9a-._.js:3318:56)
    at updateSuspenseComponent (file://C:/Users/octav/OneDrive/Documentos/Portafolio/restaurante/APP_Restoran/.next/dev/static/chunks/node_modules_next_dist_compiled_react-dom_096_9a-._.js:6299:99)
    at beginWork (file://C:/Users/octav/OneDrive/Documentos/Portafolio/restaurante/APP_Restoran/.next/dev/static/chunks/node_modules_next_dist_compiled_react-dom_096_9a-._.js:6762:24)
    at runWithFiberInDEV (file://C:/Users/octav/OneDrive/Documentos/Portafolio/restaurante/APP_Restoran/.next/dev/static/chunks/node_modules_next_dist_compiled_react-dom_096_9a-._.js:965:74)
    at performUnitOfWork (file://C:/Users/octav/OneDrive/Documentos/Portafolio/restaurante/APP_Restoran/.next/dev/static/chunks/node_modules_next_dist_compiled_react-dom_096_9a-._.js:9555:97)
    at workLoopConcurrentByScheduler (file://C:/Users/octav/OneDrive/Documentos/Portafolio/restaurante/APP_Restoran/.next/dev/static/chunks/node_modules_next_dist_compiled_react-dom_096_9a-._.js:9551:58)
    at renderRootConcurrent (file://C:/Users/octav/OneDrive/Documentos/Portafolio/restaurante/APP_Restoran/.next/dev/static/chunks/node_modules_next_dist_compiled_react-dom_096_9a-._.js:9534:71)
    at performWorkOnRoot (file://C:/Users/octav/OneDrive/Documentos/Portafolio/restaurante/APP_Restoran/.next/dev/static/chunks/node_modules_next_dist_compiled_react-dom_096_9a-._.js:9061:150)
    at performWorkOnRootViaSchedulerTask (file://C:/Users/octav/OneDrive/Documentos/Portafolio/restaurante/APP_Restoran/.next/dev/static/chunks/node_modules_next_dist_compiled_react-dom_096_9a-._.js:10255:9)
    at MessagePort.performWorkUntilDeadline (file://C:/Users/octav/OneDrive/Documentos/Portafolio/restaurante/APP_Restoran/.next/dev/static/chunks/node_modules_next_dist_compiled_1amofcm._.js:2647:64)
    at Suspense (<anonymous>)
TypeError: fetch failed
    at ignore-listed frames {
  [cause]: AggregateError: 
      at ignore-listed frames {
    code: 'ECONNREFUSED',
    [errors]: [ [Error], [Error] ]
  }
}
TypeError: fetch failed
    at ignore-listed frames {
  [cause]: AggregateError: 
      at ignore-listed frames {
    code: 'EACCES',
    [errors]: [ [Error], [Error] ]
  }
}
TypeError: fetch failed
    at ignore-listed frames {
  [cause]: AggregateError: 
      at ignore-listed frames {
    code: 'EACCES',
    [errors]: [ [Error], [Error] ]
  }
}
TypeError: fetch failed
    at ignore-listed frames {
  [cause]: AggregateError: 
      at ignore-listed frames {
    code: 'EACCES',
    [errors]: [ [Error], [Error] ]
  }
}
TypeError: fetch failed
    at ignore-listed frames {
  [cause]: AggregateError: 
      at ignore-listed frames {
    code: 'EACCES',
    [errors]: [ [Error], [Error] ]
  }
}
TypeError: fetch failed
    at ignore-listed frames {
  [cause]: AggregateError: 
      at ignore-listed frames {
    code: 'EACCES',
    [errors]: [ [Error], [Error] ]
  }
}
TypeError: fetch failed
    at ignore-listed frames {
  [cause]: AggregateError: 
      at ignore-listed frames {
    code: 'EACCES',
    [errors]: [ [Error], [Error] ]
  }
}
⨯ Error: Could not parse module '[project]/node_modules/next/app.js', file not found
    at module evaluation (C:\Users\octav\OneDrive\Documentos\Portafolio\restaurante\APP_Restoran\.next\dev\server\chunks\ssr\1-4i_next_app_08gykyd.js:4:11)
    at Object.<anonymous> (C:\Users\octav\OneDrive\Documentos\Portafolio\restaurante\APP_Restoran\.next\dev\server\pages\_app.js:3:3) {
  code: 'MODULE_UNPARSABLE'
}
⨯ Error: Could not parse module '[project]/node_modules/next/app.js', file not found
    at module evaluation (C:\Users\octav\OneDrive\Documentos\Portafolio\restaurante\APP_Restoran\.next\dev\server\chunks\ssr\1-4i_next_app_08gykyd.js:4:11)
    at Object.<anonymous> (C:\Users\octav\OneDrive\Documentos\Portafolio\restaurante\APP_Restoran\.next\dev\server\pages\_app.js:3:3) {
  code: 'MODULE_UNPARSABLE'
}
⨯ Error: Could not parse module '[project]/node_modules/next/app.js', file not found
    at module evaluation (C:\Users\octav\OneDrive\Documentos\Portafolio\restaurante\APP_Restoran\.next\dev\server\chunks\ssr\1-4i_next_app_08gykyd.js:4:11)
    at Object.<anonymous> (C:\Users\octav\OneDrive\Documentos\Portafolio\restaurante\APP_Restoran\.next\dev\server\pages\_app.js:3:3) {
  code: 'MODULE_UNPARSABLE'
}
⨯ Error: Could not parse module '[project]/node_modules/next/app.js', file not found
    at module evaluation (C:\Users\octav\OneDrive\Documentos\Portafolio\restaurante\APP_Restoran\.next\dev\server\chunks\ssr\1-4i_next_app_08gykyd.js:4:11)
    at Object.<anonymous> (C:\Users\octav\OneDrive\Documentos\Portafolio\restaurante\APP_Restoran\.next\dev\server\pages\_app.js:3:3) {
  code: 'MODULE_UNPARSABLE'
}
⨯ Error: Could not parse module '[project]/node_modules/next/app.js', file not found
    at module evaluation (C:\Users\octav\OneDrive\Documentos\Portafolio\restaurante\APP_Restoran\.next\dev\server\chunks\ssr\1-4i_next_app_08gykyd.js:4:11)
    at Object.<anonymous> (C:\Users\octav\OneDrive\Documentos\Portafolio\restaurante\APP_Restoran\.next\dev\server\pages\_app.js:3:3) {
  code: 'MODULE_UNPARSABLE'
}
⨯ Error: Could not parse module '[project]/node_modules/next/app.js', file not found
    at module evaluation (C:\Users\octav\OneDrive\Documentos\Portafolio\restaurante\APP_Restoran\.next\dev\server\chunks\ssr\1-4i_next_app_08gykyd.js:4:11)
    at Object.<anonymous> (C:\Users\octav\OneDrive\Documentos\Portafolio\restaurante\APP_Restoran\.next\dev\server\pages\_app.js:3:3) {
  code: 'MODULE_UNPARSABLE'
}
SyntaxError: Unexpected end of JSON input
    at JSON.parse (<anonymous>)
TypeError: fetch failed
    at ignore-listed frames {
  [cause]: AggregateError: 
      at ignore-listed frames {
    code: 'EACCES',
    [errors]: [ [Error], [Error] ]
  }
}
⨯ SyntaxError: Unexpected end of JSON input
    at JSON.parse (<anonymous>)
TypeError: fetch failed
    at ignore-listed frames {
  [cause]: Error: connect EACCES 195.200.68.240:443
      at <unknown> (Error: connect EACCES 195.200.68.240:443) {
    errno: -4092,
    code: 'EACCES',
    syscall: 'connect',
    address: '195.200.68.240',
    port: 443
  }
}
TypeError: fetch failed
    at ignore-listed frames {
  [cause]: Error: connect EACCES 195.200.68.240:443
      at <unknown> (Error: connect EACCES 195.200.68.240:443) {
    errno: -4092,
    code: 'EACCES',
    syscall: 'connect',
    address: '195.200.68.240',
    port: 443
  }
}
TypeError: fetch failed
    at ignore-listed frames {
  [cause]: Error: connect EACCES 195.200.68.240:443
      at <unknown> (Error: connect EACCES 195.200.68.240:443) {
    errno: -4092,
    code: 'EACCES',
    syscall: 'connect',
    address: '195.200.68.240',
    port: 443
  }
}
TypeError: fetch failed
    at ignore-listed frames {
  [cause]: AggregateError: 
      at ignore-listed frames {
    code: 'EACCES',
    [errors]: [ [Error], [Error] ]
  }
}
TypeError: fetch failed
    at ignore-listed frames {
  [cause]: AggregateError: 
      at ignore-listed frames {
    code: 'EACCES',
    [errors]: [ [Error], [Error] ]
  }
}
⨯ Error: Could not parse module '[project]/node_modules/next/app.js', file not found
    at module evaluation (C:\Users\octav\OneDrive\Documentos\Portafolio\restaurante\APP_Restoran\.next\dev\server\chunks\ssr\1-4i_next_app_08gykyd.js:4:11)
    at Object.<anonymous> (C:\Users\octav\OneDrive\Documentos\Portafolio\restaurante\APP_Restoran\.next\dev\server\pages\_app.js:3:3) {
  code: 'MODULE_UNPARSABLE'
}
⨯ Error: Could not parse module '[project]/node_modules/next/app.js', file not found
    at module evaluation (C:\Users\octav\OneDrive\Documentos\Portafolio\restaurante\APP_Restoran\.next\dev\server\chunks\ssr\1-4i_next_app_08gykyd.js:4:11)
    at Object.<anonymous> (C:\Users\octav\OneDrive\Documentos\Portafolio\restaurante\APP_Restoran\.next\dev\server\pages\_app.js:3:3) {
  code: 'MODULE_UNPARSABLE'
}
⨯ Error: Could not parse module '[project]/node_modules/next/app.js', file not found
    at module evaluation (C:\Users\octav\OneDrive\Documentos\Portafolio\restaurante\APP_Restoran\.next\dev\server\chunks\ssr\1-4i_next_app_08gykyd.js:4:11)
    at Object.<anonymous> (C:\Users\octav\OneDrive\Documentos\Portafolio\restaurante\APP_Restoran\.next\dev\server\pages\_app.js:3:3) {
  code: 'MODULE_UNPARSABLE'
}
⨯ Error: Could not parse module '[project]/node_modules/next/app.js', file not found
    at module evaluation (C:\Users\octav\OneDrive\Documentos\Portafolio\restaurante\APP_Restoran\.next\dev\server\chunks\ssr\1-4i_next_app_08gykyd.js:4:11)
    at Object.<anonymous> (C:\Users\octav\OneDrive\Documentos\Portafolio\restaurante\APP_Restoran\.next\dev\server\pages\_app.js:3:3) {
  code: 'MODULE_UNPARSABLE'
}
⨯ Error: Could not parse module '[project]/node_modules/next/app.js', file not found
    at module evaluation (C:\Users\octav\OneDrive\Documentos\Portafolio\restaurante\APP_Restoran\.next\dev\server\chunks\ssr\1-4i_next_app_08gykyd.js:4:11)
    at Object.<anonymous> (C:\Users\octav\OneDrive\Documentos\Portafolio\restaurante\APP_Restoran\.next\dev\server\pages\_app.js:3:3) {
  code: 'MODULE_UNPARSABLE'
}
TypeError: fetch failed
    at ignore-listed frames {
  [cause]: AggregateError: 
      at ignore-listed frames {
    code: 'EACCES',
    [errors]: [ [Error], [Error] ]
  }
}
⨯ Error: Could not parse module '[project]/node_modules/next/app.js', file not found
    at module evaluation (C:\Users\octav\OneDrive\Documentos\Portafolio\restaurante\APP_Restoran\.next\dev\server\chunks\ssr\1-4i_next_app_08gykyd.js:4:11)
    at Object.<anonymous> (C:\Users\octav\OneDrive\Documentos\Portafolio\restaurante\APP_Restoran\.next\dev\server\pages\_app.js:3:3) {
  code: 'MODULE_UNPARSABLE'
}
TypeError: fetch failed
    at ignore-listed frames {
  [cause]: Error: getaddrinfo ENOTFOUND kfovdzpashirhpxdnnod.supabase.co
      at ignore-listed frames {
    errno: -3008,
    code: 'ENOTFOUND',
    syscall: 'getaddrinfo',
    hostname: 'kfovdzpashirhpxdnnod.supabase.co'
  }
}
TypeError: fetch failed
    at ignore-listed frames {
  [cause]: Error: getaddrinfo ENOTFOUND kfovdzpashirhpxdnnod.supabase.co
      at ignore-listed frames {
    errno: -3008,
    code: 'ENOTFOUND',
    syscall: 'getaddrinfo',
    hostname: 'kfovdzpashirhpxdnnod.supabase.co'
  }
}
⨯ SyntaxError: Unexpected end of JSON input
    at JSON.parse (<anonymous>)
TypeError: fetch failed
    at ignore-listed frames {
  [cause]: Error: getaddrinfo ENOTFOUND kfovdzpashirhpxdnnod.supabase.co
      at ignore-listed frames {
    errno: -3008,
    code: 'ENOTFOUND',
    syscall: 'getaddrinfo',
    hostname: 'kfovdzpashirhpxdnnod.supabase.co'
  }
}
TypeError: fetch failed
    at ignore-listed frames {
  [cause]: Error: getaddrinfo ENOTFOUND kfovdzpashirhpxdnnod.supabase.co
      at ignore-listed frames {
    errno: -3008,
    code: 'ENOTFOUND',
    syscall: 'getaddrinfo',
    hostname: 'kfovdzpashirhpxdnnod.supabase.co'
  }
}
⨯ Error: Could not parse module '[project]/node_modules/next/app.js', file not found
    at module evaluation (C:\Users\octav\OneDrive\Documentos\Portafolio\restaurante\APP_Restoran\.next\dev\server\chunks\ssr\1-4i_next_app_08gykyd.js:4:11)
    at Object.<anonymous> (C:\Users\octav\OneDrive\Documentos\Portafolio\restaurante\APP_Restoran\.next\dev\server\pages\_app.js:3:3) {
  code: 'MODULE_UNPARSABLE'
}
[browser] Uncaught Error: Hydration failed because the server rendered HTML didn't match the client. As a result this tree will be regenerated on the client. This can happen if a SSR-ed Client Component used:

- A server/client branch `if (typeof window !== 'undefined')`.
- Variable input such as `Date.now()` or `Math.random()` which changes each time it's called.
- Date formatting in a user's locale which doesn't match the server.
- External changing data without sending a snapshot of it along with the HTML.
- Invalid HTML tag nesting.

It can also happen if the client has a browser extension installed which messes with the HTML before React loaded.

https://react.dev/link/hydration-mismatch

  ...
    <HotReload globalError={[...]} webSocket={WebSocket} staticIndicatorState={{pathname:null, ...}}>
      <AppDevOverlayErrorBoundary globalError={[...]}>
        <ReplaySsrOnlyErrors>
        <DevRootHTTPAccessFallbackBoundary>
          <HTTPAccessFallbackBoundary notFound={<NotAllowedRootHTTPFallbackError>}>
            <HTTPAccessFallbackErrorBoundary pathname="/menu/prin..." notFound={<NotAllowedRootHTTPFallbackError>} ...>
              <RedirectBoundary>
                <RedirectErrorBoundary router={{...}}>
                  <Head headCacheNode={{rsc:{...}, ...}}>
                    <__next_viewport_boundary__>
                    <MetadataWrapper>
                      <div
+                       hidden={true}
-                       hidden={null}
-                       style={{display:"contents"}}
                      >
                        <__next_metadata_boundary__>
+                         <Suspense name="Next.Metadata">
                    ...
                  ...

    at <unknown> (https://react.dev/link/hydration-mismatch)
    at throwOnHydrationMismatch (file://C:/Users/octav/OneDrive/Documentos/Portafolio/restaurante/APP_Restoran/.next/dev/static/chunks/node_modules_next_dist_compiled_react-dom_096_9a-._.js:3318:56)
    at updateSuspenseComponent (file://C:/Users/octav/OneDrive/Documentos/Portafolio/restaurante/APP_Restoran/.next/dev/static/chunks/node_modules_next_dist_compiled_react-dom_096_9a-._.js:6299:99)
    at beginWork (file://C:/Users/octav/OneDrive/Documentos/Portafolio/restaurante/APP_Restoran/.next/dev/static/chunks/node_modules_next_dist_compiled_react-dom_096_9a-._.js:6762:24)
    at runWithFiberInDEV (file://C:/Users/octav/OneDrive/Documentos/Portafolio/restaurante/APP_Restoran/.next/dev/static/chunks/node_modules_next_dist_compiled_react-dom_096_9a-._.js:965:74)
    at performUnitOfWork (file://C:/Users/octav/OneDrive/Documentos/Portafolio/restaurante/APP_Restoran/.next/dev/static/chunks/node_modules_next_dist_compiled_react-dom_096_9a-._.js:9555:97)
    at workLoopConcurrentByScheduler (file://C:/Users/octav/OneDrive/Documentos/Portafolio/restaurante/APP_Restoran/.next/dev/static/chunks/node_modules_next_dist_compiled_react-dom_096_9a-._.js:9551:58)
    at renderRootConcurrent (file://C:/Users/octav/OneDrive/Documentos/Portafolio/restaurante/APP_Restoran/.next/dev/static/chunks/node_modules_next_dist_compiled_react-dom_096_9a-._.js:9534:71)
    at performWorkOnRoot (file://C:/Users/octav/OneDrive/Documentos/Portafolio/restaurante/APP_Restoran/.next/dev/static/chunks/node_modules_next_dist_compiled_react-dom_096_9a-._.js:9061:150)
    at performWorkOnRootViaSchedulerTask (file://C:/Users/octav/OneDrive/Documentos/Portafolio/restaurante/APP_Restoran/.next/dev/static/chunks/node_modules_next_dist_compiled_react-dom_096_9a-._.js:10255:9)
    at MessagePort.performWorkUntilDeadline (file://C:/Users/octav/OneDrive/Documentos/Portafolio/restaurante/APP_Restoran/.next/dev/static/chunks/node_modules_next_dist_compiled_1amofcm._.js:2647:64)
    at Suspense (<anonymous>)
TypeError: fetch failed
    at ignore-listed frames {
  [cause]: Error: getaddrinfo ENOTFOUND kfovdzpashirhpxdnnod.supabase.co
      at ignore-listed frames {
    errno: -3008,
    code: 'ENOTFOUND',
    syscall: 'getaddrinfo',
    hostname: 'kfovdzpashirhpxdnnod.supabase.co'
  }
}
TypeError: fetch failed
    at ignore-listed frames {
  [cause]: Error: getaddrinfo ENOTFOUND kfovdzpashirhpxdnnod.supabase.co
      at ignore-listed frames {
    errno: -3008,
    code: 'ENOTFOUND',
    syscall: 'getaddrinfo',
    hostname: 'kfovdzpashirhpxdnnod.supabase.co'
  }
}
⨯ Error: Could not parse module '[project]/node_modules/next/app.js', file not found
    at module evaluation (C:\Users\octav\OneDrive\Documentos\Portafolio\restaurante\APP_Restoran\.next\dev\server\chunks\ssr\1-4i_next_app_08gykyd.js:4:11)
    at Object.<anonymous> (C:\Users\octav\OneDrive\Documentos\Portafolio\restaurante\APP_Restoran\.next\dev\server\pages\_app.js:3:3) {
  code: 'MODULE_UNPARSABLE'
}
⨯ Error: Could not parse module '[project]/node_modules/next/app.js', file not found
    at module evaluation (C:\Users\octav\OneDrive\Documentos\Portafolio\restaurante\APP_Restoran\.next\dev\server\chunks\ssr\1-4i_next_app_08gykyd.js:4:11)
    at Object.<anonymous> (C:\Users\octav\OneDrive\Documentos\Portafolio\restaurante\APP_Restoran\.next\dev\server\pages\_app.js:3:3) {
  code: 'MODULE_UNPARSABLE'
}
⨯ Error: Could not parse module '[project]/node_modules/next/app.js', file not found
    at module evaluation (C:\Users\octav\OneDrive\Documentos\Portafolio\restaurante\APP_Restoran\.next\dev\server\chunks\ssr\1-4i_next_app_08gykyd.js:4:11)
    at Object.<anonymous> (C:\Users\octav\OneDrive\Documentos\Portafolio\restaurante\APP_Restoran\.next\dev\server\pages\_app.js:3:3) {
  code: 'MODULE_UNPARSABLE'
}
⨯ Error: Could not parse module '[project]/node_modules/next/app.js', file not found
    at module evaluation (C:\Users\octav\OneDrive\Documentos\Portafolio\restaurante\APP_Restoran\.next\dev\server\chunks\ssr\1-4i_next_app_08gykyd.js:4:11)
    at Object.<anonymous> (C:\Users\octav\OneDrive\Documentos\Portafolio\restaurante\APP_Restoran\.next\dev\server\pages\_app.js:3:3) {
  code: 'MODULE_UNPARSABLE'
}
TypeError: fetch failed
    at ignore-listed frames {
  [cause]: Error: getaddrinfo ENOTFOUND kfovdzpashirhpxdnnod.supabase.co
      at ignore-listed frames {
    errno: -3008,
    code: 'ENOTFOUND',
    syscall: 'getaddrinfo',
    hostname: 'kfovdzpashirhpxdnnod.supabase.co'
  }
}
⨯ Error: Could not parse module '[project]/node_modules/next/app.js', file not found
    at module evaluation (C:\Users\octav\OneDrive\Documentos\Portafolio\restaurante\APP_Restoran\.next\dev\server\chunks\ssr\1-4i_next_app_08gykyd.js:4:11)
    at Object.<anonymous> (C:\Users\octav\OneDrive\Documentos\Portafolio\restaurante\APP_Restoran\.next\dev\server\pages\_app.js:3:3) {
  code: 'MODULE_UNPARSABLE'
}
TypeError: fetch failed
    at ignore-listed frames {
  [cause]: AggregateError: 
      at ignore-listed frames {
    code: 'EACCES',
    [errors]: [ [Error], [Error] ]
  }
}
TypeError: fetch failed
    at ignore-listed frames {
  [cause]: AggregateError: 
      at ignore-listed frames {
    code: 'EACCES',
    [errors]: [ [Error], [Error] ]
  }
}
TypeError: fetch failed
    at ignore-listed frames {
  [cause]: Error: connect EACCES 195.200.68.240:443
      at <unknown> (Error: connect EACCES 195.200.68.240:443) {
    errno: -4092,
    code: 'EACCES',
    syscall: 'connect',
    address: '195.200.68.240',
    port: 443
  }
}
TypeError: fetch failed
    at ignore-listed frames {
  [cause]: Error: connect EACCES 195.200.68.240:443
      at <unknown> (Error: connect EACCES 195.200.68.240:443) {
    errno: -4092,
    code: 'EACCES',
    syscall: 'connect',
    address: '195.200.68.240',
    port: 443
  }
}
TypeError: fetch failed
    at ignore-listed frames {
  [cause]: Error: connect EACCES 195.200.68.240:443
      at <unknown> (Error: connect EACCES 195.200.68.240:443) {
    errno: -4092,
    code: 'EACCES',
    syscall: 'connect',
    address: '195.200.68.240',
    port: 443
  }
}
TypeError: fetch failed
    at ignore-listed frames {
  [cause]: AggregateError: 
      at ignore-listed frames {
    code: 'EACCES',
    [errors]: [ [Error], [Error] ]
  }
}
⨯ Error: Could not parse module '[project]/node_modules/next/app.js', file not found
    at module evaluation (C:\Users\octav\OneDrive\Documentos\Portafolio\restaurante\APP_Restoran\.next\dev\server\chunks\ssr\1-4i_next_app_08gykyd.js:4:11)
    at Object.<anonymous> (C:\Users\octav\OneDrive\Documentos\Portafolio\restaurante\APP_Restoran\.next\dev\server\pages\_app.js:3:3) {
  code: 'MODULE_UNPARSABLE'
}
⨯ Error: Could not parse module '[project]/node_modules/next/app.js', file not found
    at module evaluation (C:\Users\octav\OneDrive\Documentos\Portafolio\restaurante\APP_Restoran\.next\dev\server\chunks\ssr\1-4i_next_app_08gykyd.js:4:11)
    at Object.<anonymous> (C:\Users\octav\OneDrive\Documentos\Portafolio\restaurante\APP_Restoran\.next\dev\server\pages\_app.js:3:3) {
  code: 'MODULE_UNPARSABLE'
}
SyntaxError: Unexpected non-whitespace character after JSON at position 827 (line 23 column 2)
    at JSON.parse (<anonymous>)
⨯ Error: Could not parse module '[project]/node_modules/next/app.js', file not found
    at module evaluation (C:\Users\octav\OneDrive\Documentos\Portafolio\restaurante\APP_Restoran\.next\dev\server\chunks\ssr\1-4i_next_app_08gykyd.js:4:11)
    at Object.<anonymous> (C:\Users\octav\OneDrive\Documentos\Portafolio\restaurante\APP_Restoran\.next\dev\server\pages\_app.js:3:3) {
  code: 'MODULE_UNPARSABLE'
}
⨯ Error: Could not parse module '[project]/node_modules/next/app.js', file not found
    at module evaluation (C:\Users\octav\OneDrive\Documentos\Portafolio\restaurante\APP_Restoran\.next\dev\server\chunks\ssr\1-4i_next_app_08gykyd.js:4:11)
    at Object.<anonymous> (C:\Users\octav\OneDrive\Documentos\Portafolio\restaurante\APP_Restoran\.next\dev\server\pages\_app.js:3:3) {
  code: 'MODULE_UNPARSABLE'
}
⨯ Error: Could not parse module '[project]/node_modules/next/app.js', file not found
    at module evaluation (C:\Users\octav\OneDrive\Documentos\Portafolio\restaurante\APP_Restoran\.next\dev\server\chunks\ssr\1-4i_next_app_08gykyd.js:4:11)
    at Object.<anonymous> (C:\Users\octav\OneDrive\Documentos\Portafolio\restaurante\APP_Restoran\.next\dev\server\pages\_app.js:3:3) {
  code: 'MODULE_UNPARSABLE'
}
⨯ Error: Could not parse module '[project]/node_modules/next/app.js', file not found
    at module evaluation (C:\Users\octav\OneDrive\Documentos\Portafolio\restaurante\APP_Restoran\.next\dev\server\chunks\ssr\1-4i_next_app_08gykyd.js:4:11)
    at Object.<anonymous> (C:\Users\octav\OneDrive\Documentos\Portafolio\restaurante\APP_Restoran\.next\dev\server\pages\_app.js:3:3) {
  code: 'MODULE_UNPARSABLE'
}
TypeError: fetch failed
    at ignore-listed frames {
  [cause]: AggregateError: 
      at ignore-listed frames {
    code: 'EACCES',
    [errors]: [ [Error], [Error] ]
  }
}
⨯ Error: Could not parse module '[project]/node_modules/next/app.js', file not found
    at module evaluation (C:\Users\octav\OneDrive\Documentos\Portafolio\restaurante\APP_Restoran\.next\dev\server\chunks\ssr\1-4i_next_app_08gykyd.js:4:11)
    at Object.<anonymous> (C:\Users\octav\OneDrive\Documentos\Portafolio\restaurante\APP_Restoran\.next\dev\server\pages\_app.js:3:3) {
  code: 'MODULE_UNPARSABLE'
}
TypeError: fetch failed
    at ignore-listed frames {
  [cause]: AggregateError: 
      at ignore-listed frames {
    code: 'EACCES',
    [errors]: [ [Error], [Error] ]
  }
}
TypeError: fetch failed
    at ignore-listed frames {
  [cause]: AggregateError: 
      at ignore-listed frames {
    code: 'EACCES',
    [errors]: [ [Error], [Error] ]
  }
}
TypeError: fetch failed
    at ignore-listed frames {
  [cause]: AggregateError: 
      at ignore-listed frames {
    code: 'EACCES',
    [errors]: [ [Error], [Error] ]
  }
}
TypeError: fetch failed
    at ignore-listed frames {
  [cause]: AggregateError: 
      at ignore-listed frames {
    code: 'EACCES',
    [errors]: [ [Error], [Error] ]
  }
}
⨯ SyntaxError: Unexpected end of JSON input
    at JSON.parse (<anonymous>)
TypeError: fetch failed
    at ignore-listed frames {
  [cause]: AggregateError: 
      at ignore-listed frames {
    code: 'EACCES',
    [errors]: [ [Error], [Error] ]
  }
}
⨯ SyntaxError: Unexpected end of JSON input
    at JSON.parse (<anonymous>)
⨯ Error: Could not parse module '[project]/node_modules/next/app.js', file not found
    at module evaluation (C:\Users\octav\OneDrive\Documentos\Portafolio\restaurante\APP_Restoran\.next\dev\server\chunks\ssr\1-4i_next_app_08gykyd.js:4:11)
    at Object.<anonymous> (C:\Users\octav\OneDrive\Documentos\Portafolio\restaurante\APP_Restoran\.next\dev\server\pages\_app.js:3:3) {
  code: 'MODULE_UNPARSABLE'
}
⨯ Error: Could not parse module '[project]/node_modules/next/app.js', file not found
    at module evaluation (C:\Users\octav\OneDrive\Documentos\Portafolio\restaurante\APP_Restoran\.next\dev\server\chunks\ssr\1-4i_next_app_08gykyd.js:4:11)
    at Object.<anonymous> (C:\Users\octav\OneDrive\Documentos\Portafolio\restaurante\APP_Restoran\.next\dev\server\pages\_app.js:3:3) {
  code: 'MODULE_UNPARSABLE'
}
⨯ Error: Could not parse module '[project]/node_modules/next/app.js', file not found
    at module evaluation (C:\Users\octav\OneDrive\Documentos\Portafolio\restaurante\APP_Restoran\.next\dev\server\chunks\ssr\1-4i_next_app_08gykyd.js:4:11)
    at Object.<anonymous> (C:\Users\octav\OneDrive\Documentos\Portafolio\restaurante\APP_Restoran\.next\dev\server\pages\_app.js:3:3) {
  code: 'MODULE_UNPARSABLE'
}
TypeError: fetch failed
    at ignore-listed frames {
  [cause]: AggregateError: 
      at ignore-listed frames {
    code: 'EACCES',
    [errors]: [ [Error], [Error] ]
  }
}
TypeError: fetch failed
    at ignore-listed frames {
  [cause]: AggregateError: 
      at ignore-listed frames {
    code: 'EACCES',
    [errors]: [ [Error], [Error] ]
  }
}
⨯ Error: Could not parse module '[project]/node_modules/next/app.js', file not found
    at module evaluation (C:\Users\octav\OneDrive\Documentos\Portafolio\restaurante\APP_Restoran\.next\dev\server\chunks\ssr\1-4i_next_app_08gykyd.js:4:11)
    at Object.<anonymous> (C:\Users\octav\OneDrive\Documentos\Portafolio\restaurante\APP_Restoran\.next\dev\server\pages\_app.js:3:3) {
  code: 'MODULE_UNPARSABLE'
}
TypeError: fetch failed
    at ignore-listed frames {
  [cause]: AggregateError: 
      at ignore-listed frames {
    code: 'EACCES',
    [errors]: [ [Error], [Error] ]
  }
}
TypeError: fetch failed
    at ignore-listed frames {
  [cause]: AggregateError: 
      at ignore-listed frames {
    code: 'EACCES',
    [errors]: [ [Error], [Error] ]
  }
}
⨯ Error: Could not parse module '[project]/node_modules/next/app.js', file not found
    at module evaluation (C:\Users\octav\OneDrive\Documentos\Portafolio\restaurante\APP_Restoran\.next\dev\server\chunks\ssr\1-4i_next_app_08gykyd.js:4:11)
    at Object.<anonymous> (C:\Users\octav\OneDrive\Documentos\Portafolio\restaurante\APP_Restoran\.next\dev\server\pages\_app.js:3:3) {
  code: 'MODULE_UNPARSABLE'
}
TypeError: fetch failed
    at ignore-listed frames {
  [cause]: AggregateError: 
      at ignore-listed frames {
    code: 'EACCES',
    [errors]: [ [Error], [Error] ]
  }
}
⨯ SyntaxError: Unexpected non-whitespace character after JSON at position 827 (line 23 column 2)
    at JSON.parse (<anonymous>)
SyntaxError: Unexpected end of JSON input
    at JSON.parse (<anonymous>)
TypeError: fetch failed
    at ignore-listed frames {
  [cause]: AggregateError: 
      at ignore-listed frames {
    code: 'EACCES',
    [errors]: [ [Error], [Error] ]
  }
}
⨯ SyntaxError: Unexpected end of JSON input
    at JSON.parse (<anonymous>)
⨯ Error: Could not parse module '[project]/node_modules/next/app.js', file not found
    at module evaluation (C:\Users\octav\OneDrive\Documentos\Portafolio\restaurante\APP_Restoran\.next\dev\server\chunks\ssr\1-4i_next_app_08gykyd.js:4:11)
    at Object.<anonymous> (C:\Users\octav\OneDrive\Documentos\Portafolio\restaurante\APP_Restoran\.next\dev\server\pages\_app.js:3:3) {
  code: 'MODULE_UNPARSABLE'
}
⨯ Error: Could not parse module '[project]/node_modules/next/app.js', file not found
    at module evaluation (C:\Users\octav\OneDrive\Documentos\Portafolio\restaurante\APP_Restoran\.next\dev\server\chunks\ssr\1-4i_next_app_08gykyd.js:4:11)
    at Object.<anonymous> (C:\Users\octav\OneDrive\Documentos\Portafolio\restaurante\APP_Restoran\.next\dev\server\pages\_app.js:3:3) {
  code: 'MODULE_UNPARSABLE'
}
TypeError: fetch failed
    at ignore-listed frames {
  [cause]: AggregateError: 
      at ignore-listed frames {
    code: 'ETIMEDOUT',
    [errors]: [ [Error], [Error] ]
  }
}
TypeError: fetch failed
    at ignore-listed frames {
  [cause]: AggregateError: 
      at ignore-listed frames {
    code: 'ETIMEDOUT',
    [errors]: [ [Error], [Error] ]
  }
}
⨯ Error: Could not parse module '[project]/node_modules/next/app.js', file not found
    at module evaluation (C:\Users\octav\OneDrive\Documentos\Portafolio\restaurante\APP_Restoran\.next\dev\server\chunks\ssr\1-4i_next_app_08gykyd.js:4:11)
    at Object.<anonymous> (C:\Users\octav\OneDrive\Documentos\Portafolio\restaurante\APP_Restoran\.next\dev\server\pages\_app.js:3:3) {
  code: 'MODULE_UNPARSABLE'
}
TypeError: fetch failed
    at ignore-listed frames {
  [cause]: AggregateError: 
      at ignore-listed frames {
    code: 'ETIMEDOUT',
    [errors]: [ [Error], [Error] ]
  }
}
⨯ Error: Could not parse module '[project]/node_modules/next/app.js', file not found
    at module evaluation (C:\Users\octav\OneDrive\Documentos\Portafolio\restaurante\APP_Restoran\.next\dev\server\chunks\ssr\1-4i_next_app_08gykyd.js:4:11)
    at Object.<anonymous> (C:\Users\octav\OneDrive\Documentos\Portafolio\restaurante\APP_Restoran\.next\dev\server\pages\_app.js:3:3) {
  code: 'MODULE_UNPARSABLE'
}
TypeError: fetch failed
    at ignore-listed frames {
  [cause]: AggregateError: 
      at ignore-listed frames {
    code: 'EACCES',
    [errors]: [ [Error], [Error] ]
  }
}
⨯ Error: Could not parse module '[project]/node_modules/next/app.js', file not found
    at module evaluation (C:\Users\octav\OneDrive\Documentos\Portafolio\restaurante\APP_Restoran\.next\dev\server\chunks\ssr\1-4i_next_app_08gykyd.js:4:11)
    at Object.<anonymous> (C:\Users\octav\OneDrive\Documentos\Portafolio\restaurante\APP_Restoran\.next\dev\server\pages\_app.js:3:3) {
  code: 'MODULE_UNPARSABLE'
}
TypeError: fetch failed
    at ignore-listed frames {
  [cause]: AggregateError: 
      at ignore-listed frames {
    code: 'EACCES',
    [errors]: [ [Error], [Error] ]
  }
}
TypeError: fetch failed
    at ignore-listed frames {
  [cause]: AggregateError: 
      at ignore-listed frames {
    code: 'EACCES',
    [errors]: [ [Error], [Error] ]
  }
}
⨯ Error: Could not parse module '[project]/node_modules/next/app.js', file not found
    at module evaluation (C:\Users\octav\OneDrive\Documentos\Portafolio\restaurante\APP_Restoran\.next\dev\server\chunks\ssr\1-4i_next_app_08gykyd.js:4:11)
    at Object.<anonymous> (C:\Users\octav\OneDrive\Documentos\Portafolio\restaurante\APP_Restoran\.next\dev\server\pages\_app.js:3:3) {
  code: 'MODULE_UNPARSABLE'
}
⨯ SyntaxError: Unexpected end of JSON input
    at JSON.parse (<anonymous>)
⨯ Error: Could not parse module '[project]/node_modules/next/app.js', file not found
    at module evaluation (C:\Users\octav\OneDrive\Documentos\Portafolio\restaurante\APP_Restoran\.next\dev\server\chunks\ssr\1-4i_next_app_08gykyd.js:4:11)
    at Object.<anonymous> (C:\Users\octav\OneDrive\Documentos\Portafolio\restaurante\APP_Restoran\.next\dev\server\pages\_app.js:3:3) {
  code: 'MODULE_UNPARSABLE'
}
TypeError: fetch failed
    at ignore-listed frames {
  [cause]: AggregateError: 
      at ignore-listed frames {
    code: 'EACCES',
    [errors]: [ [Error], [Error] ]
  }
}
SyntaxError: Unexpected end of JSON input
    at JSON.parse (<anonymous>)
TypeError: fetch failed
    at ignore-listed frames {
  [cause]: AggregateError: 
      at ignore-listed frames {
    code: 'EACCES',
    [errors]: [ [Error], [Error] ]
  }
}
⨯ Error: Could not parse module '[project]/node_modules/next/app.js', file not found
    at module evaluation (C:\Users\octav\OneDrive\Documentos\Portafolio\restaurante\APP_Restoran\.next\dev\server\chunks\ssr\1-4i_next_app_08gykyd.js:4:11)
    at Object.<anonymous> (C:\Users\octav\OneDrive\Documentos\Portafolio\restaurante\APP_Restoran\.next\dev\server\pages\_app.js:3:3) {
  code: 'MODULE_UNPARSABLE'
}
TypeError: fetch failed
    at ignore-listed frames {
  [cause]: AggregateError: 
      at ignore-listed frames {
    code: 'EACCES',
    [errors]: [ [Error], [Error] ]
  }
}
⨯ Error: Could not parse module '[project]/node_modules/next/app.js', file not found
    at module evaluation (C:\Users\octav\OneDrive\Documentos\Portafolio\restaurante\APP_Restoran\.next\dev\server\chunks\ssr\1-4i_next_app_08gykyd.js:4:11)
    at Object.<anonymous> (C:\Users\octav\OneDrive\Documentos\Portafolio\restaurante\APP_Restoran\.next\dev\server\pages\_app.js:3:3) {
  code: 'MODULE_UNPARSABLE'
}
TypeError: fetch failed
    at ignore-listed frames {
  [cause]: AggregateError: 
      at ignore-listed frames {
    code: 'EACCES',
    [errors]: [ [Error], [Error] ]
  }
}
TypeError: fetch failed
    at ignore-listed frames {
  [cause]: AggregateError: 
      at ignore-listed frames {
    code: 'EACCES',
    [errors]: [ [Error], [Error] ]
  }
}
⨯ SyntaxError: Unexpected end of JSON input
    at JSON.parse (<anonymous>)
⨯ Error: Could not parse module '[project]/node_modules/next/app.js', file not found
    at module evaluation (C:\Users\octav\OneDrive\Documentos\Portafolio\restaurante\APP_Restoran\.next\dev\server\chunks\ssr\1-4i_next_app_08gykyd.js:4:11)
    at Object.<anonymous> (C:\Users\octav\OneDrive\Documentos\Portafolio\restaurante\APP_Restoran\.next\dev\server\pages\_app.js:3:3) {
  code: 'MODULE_UNPARSABLE'
}
TypeError: fetch failed
    at ignore-listed frames {
  [cause]: AggregateError: 
      at ignore-listed frames {
    code: 'EACCES',
    [errors]: [ [Error], [Error] ]
  }
}
SyntaxError: Unexpected non-whitespace character after JSON at position 827 (line 23 column 2)
    at JSON.parse (<anonymous>)
⨯ Error: Could not parse module '[project]/node_modules/next/app.js', file not found
    at module evaluation (C:\Users\octav\OneDrive\Documentos\Portafolio\restaurante\APP_Restoran\.next\dev\server\chunks\ssr\1-4i_next_app_08gykyd.js:4:11)
    at Object.<anonymous> (C:\Users\octav\OneDrive\Documentos\Portafolio\restaurante\APP_Restoran\.next\dev\server\pages\_app.js:3:3) {
  code: 'MODULE_UNPARSABLE'
}
⨯ SyntaxError: Invalid or unexpected token
    at <unknown> (C:\Users\octav\OneDrive\Documentos\Portafolio\restaurante\APP_Restoran\.next\dev\server\pages\_error.js:8)
TypeError: fetch failed
    at ignore-listed frames {
  [cause]: AggregateError: 
      at ignore-listed frames {
    code: 'EACCES',
    [errors]: [ [Error], [Error] ]
  }
}
TypeError: fetch failed
    at ignore-listed frames {
  [cause]: AggregateError: 
      at ignore-listed frames {
    code: 'EACCES',
    [errors]: [ [Error], [Error] ]
  }
}
TypeError: fetch failed
    at ignore-listed frames {
  [cause]: AggregateError: 
      at ignore-listed frames {
    code: 'EACCES',
    [errors]: [ [Error], [Error] ]
  }
}
⨯ Error: Could not parse module '[project]/node_modules/next/app.js', file not found
    at module evaluation (C:\Users\octav\OneDrive\Documentos\Portafolio\restaurante\APP_Restoran\.next\dev\server\chunks\ssr\1-4i_next_app_08gykyd.js:4:11)
    at Object.<anonymous> (C:\Users\octav\OneDrive\Documentos\Portafolio\restaurante\APP_Restoran\.next\dev\server\pages\_app.js:3:3) {
  code: 'MODULE_UNPARSABLE'
}
⨯ Error: Could not parse module '[project]/node_modules/next/app.js', file not found
    at module evaluation (C:\Users\octav\OneDrive\Documentos\Portafolio\restaurante\APP_Restoran\.next\dev\server\chunks\ssr\1-4i_next_app_08gykyd.js:4:11)
    at Object.<anonymous> (C:\Users\octav\OneDrive\Documentos\Portafolio\restaurante\APP_Restoran\.next\dev\server\pages\_app.js:3:3) {
  code: 'MODULE_UNPARSABLE'
}
⨯ Error: Could not parse module '[project]/node_modules/next/app.js', file not found
    at module evaluation (C:\Users\octav\OneDrive\Documentos\Portafolio\restaurante\APP_Restoran\.next\dev\server\chunks\ssr\1-4i_next_app_08gykyd.js:4:11)
    at Object.<anonymous> (C:\Users\octav\OneDrive\Documentos\Portafolio\restaurante\APP_Restoran\.next\dev\server\pages\_app.js:3:3) {
  code: 'MODULE_UNPARSABLE'
}
TypeError: fetch failed
    at ignore-listed frames {
  [cause]: AggregateError: 
      at ignore-listed frames {
    code: 'EACCES',
    [errors]: [ [Error], [Error] ]
  }
}
⨯ SyntaxError: Unexpected end of JSON input
    at JSON.parse (<anonymous>)
[browser] Uncaught Error: Hydration failed because the server rendered HTML didn't match the client. As a result this tree will be regenerated on the client. This can happen if a SSR-ed Client Component used:

- A server/client branch `if (typeof window !== 'undefined')`.
- Variable input such as `Date.now()` or `Math.random()` which changes each time it's called.
- Date formatting in a user's locale which doesn't match the server.
- External changing data without sending a snapshot of it along with the HTML.
- Invalid HTML tag nesting.

It can also happen if the client has a browser extension installed which messes with the HTML before React loaded.

https://react.dev/link/hydration-mismatch

  ...
    <HotReload globalError={[...]} webSocket={WebSocket} staticIndicatorState={{pathname:null, ...}}>
      <AppDevOverlayErrorBoundary globalError={[...]}>
        <ReplaySsrOnlyErrors>
        <DevRootHTTPAccessFallbackBoundary>
          <HTTPAccessFallbackBoundary notFound={<NotAllowedRootHTTPFallbackError>}>
            <HTTPAccessFallbackErrorBoundary pathname="/" notFound={<NotAllowedRootHTTPFallbackError>} ...>
              <RedirectBoundary>
                <RedirectErrorBoundary router={{...}}>
                  <Head headCacheNode={{rsc:{...}, ...}}>
                    <__next_viewport_boundary__>
                    <MetadataWrapper>
                      <div
+                       hidden={true}
-                       hidden={null}
-                       bis_skin_checked="1"
-                       style={{display:"contents"}}
                      >
                        <__next_metadata_boundary__>
+                         <Suspense name="Next.Metadata">
                    ...
                  ...

    at <unknown> (https://react.dev/link/hydration-mismatch)
    at throwOnHydrationMismatch (file://C:/Users/octav/OneDrive/Documentos/Portafolio/restaurante/APP_Restoran/.next/dev/static/chunks/node_modules_next_dist_compiled_react-dom_096_9a-._.js:3318:56)
    at updateSuspenseComponent (file://C:/Users/octav/OneDrive/Documentos/Portafolio/restaurante/APP_Restoran/.next/dev/static/chunks/node_modules_next_dist_compiled_react-dom_096_9a-._.js:6299:99)
    at beginWork (file://C:/Users/octav/OneDrive/Documentos/Portafolio/restaurante/APP_Restoran/.next/dev/static/chunks/node_modules_next_dist_compiled_react-dom_096_9a-._.js:6762:24)
    at runWithFiberInDEV (file://C:/Users/octav/OneDrive/Documentos/Portafolio/restaurante/APP_Restoran/.next/dev/static/chunks/node_modules_next_dist_compiled_react-dom_096_9a-._.js:965:74)
    at performUnitOfWork (file://C:/Users/octav/OneDrive/Documentos/Portafolio/restaurante/APP_Restoran/.next/dev/static/chunks/node_modules_next_dist_compiled_react-dom_096_9a-._.js:9555:97)
    at workLoopConcurrentByScheduler (file://C:/Users/octav/OneDrive/Documentos/Portafolio/restaurante/APP_Restoran/.next/dev/static/chunks/node_modules_next_dist_compiled_react-dom_096_9a-._.js:9551:58)
    at renderRootConcurrent (file://C:/Users/octav/OneDrive/Documentos/Portafolio/restaurante/APP_Restoran/.next/dev/static/chunks/node_modules_next_dist_compiled_react-dom_096_9a-._.js:9534:71)
    at performWorkOnRoot (file://C:/Users/octav/OneDrive/Documentos/Portafolio/restaurante/APP_Restoran/.next/dev/static/chunks/node_modules_next_dist_compiled_react-dom_096_9a-._.js:9061:150)
    at performWorkOnRootViaSchedulerTask (file://C:/Users/octav/OneDrive/Documentos/Portafolio/restaurante/APP_Restoran/.next/dev/static/chunks/node_modules_next_dist_compiled_react-dom_096_9a-._.js:10255:9)
    at MessagePort.performWorkUntilDeadline (file://C:/Users/octav/OneDrive/Documentos/Portafolio/restaurante/APP_Restoran/.next/dev/static/chunks/node_modules_next_dist_compiled_1amofcm._.js:2647:64)
    at Suspense (<anonymous>)
[browser] ⨯ unhandledRejection: Error: Connection closed.
⚠ Server is approaching the used memory threshold, restarting...
[browser] Uncaught Error: Hydration failed because the server rendered HTML didn't match the client. As a result this tree will be regenerated on the client. This can happen if a SSR-ed Client Component used:

- A server/client branch `if (typeof window !== 'undefined')`.
- Variable input such as `Date.now()` or `Math.random()` which changes each time it's called.
- Date formatting in a user's locale which doesn't match the server.
- External changing data without sending a snapshot of it along with the HTML.
- Invalid HTML tag nesting.

It can also happen if the client has a browser extension installed which messes with the HTML before React loaded.

https://react.dev/link/hydration-mismatch

  ...
    <HotReload globalError={[...]} webSocket={WebSocket} staticIndicatorState={{pathname:null, ...}}>
      <AppDevOverlayErrorBoundary globalError={[...]}>
        <ReplaySsrOnlyErrors>
        <DevRootHTTPAccessFallbackBoundary>
          <HTTPAccessFallbackBoundary notFound={<NotAllowedRootHTTPFallbackError>}>
            <HTTPAccessFallbackErrorBoundary pathname="/menu/post..." notFound={<NotAllowedRootHTTPFallbackError>} ...>
              <RedirectBoundary>
                <RedirectErrorBoundary router={{...}}>
                  <Head headCacheNode={{rsc:{...}, ...}}>
                    <__next_viewport_boundary__>
                    <MetadataWrapper>
                      <div
+                       hidden={true}
-                       hidden={null}
-                       bis_skin_checked="1"
-                       style={{display:"contents"}}
                      >
                        <__next_metadata_boundary__>
+                         <Suspense name="Next.Metadata">
                    ...
                  ...

    at <unknown> (https://react.dev/link/hydration-mismatch)
    at throwOnHydrationMismatch (file://C:/Users/octav/OneDrive/Documentos/Portafolio/restaurante/APP_Restoran/.next/dev/static/chunks/node_modules_next_dist_compiled_react-dom_096_9a-._.js:3318:56)
    at updateSuspenseComponent (file://C:/Users/octav/OneDrive/Documentos/Portafolio/restaurante/APP_Restoran/.next/dev/static/chunks/node_modules_next_dist_compiled_react-dom_096_9a-._.js:6299:99)
    at beginWork (file://C:/Users/octav/OneDrive/Documentos/Portafolio/restaurante/APP_Restoran/.next/dev/static/chunks/node_modules_next_dist_compiled_react-dom_096_9a-._.js:6762:24)
    at runWithFiberInDEV (file://C:/Users/octav/OneDrive/Documentos/Portafolio/restaurante/APP_Restoran/.next/dev/static/chunks/node_modules_next_dist_compiled_react-dom_096_9a-._.js:965:74)
    at performUnitOfWork (file://C:/Users/octav/OneDrive/Documentos/Portafolio/restaurante/APP_Restoran/.next/dev/static/chunks/node_modules_next_dist_compiled_react-dom_096_9a-._.js:9555:97)
    at workLoopConcurrentByScheduler (file://C:/Users/octav/OneDrive/Documentos/Portafolio/restaurante/APP_Restoran/.next/dev/static/chunks/node_modules_next_dist_compiled_react-dom_096_9a-._.js:9551:58)
    at renderRootConcurrent (file://C:/Users/octav/OneDrive/Documentos/Portafolio/restaurante/APP_Restoran/.next/dev/static/chunks/node_modules_next_dist_compiled_react-dom_096_9a-._.js:9534:71)
    at performWorkOnRoot (file://C:/Users/octav/OneDrive/Documentos/Portafolio/restaurante/APP_Restoran/.next/dev/static/chunks/node_modules_next_dist_compiled_react-dom_096_9a-._.js:9061:150)
    at performWorkOnRootViaSchedulerTask (file://C:/Users/octav/OneDrive/Documentos/Portafolio/restaurante/APP_Restoran/.next/dev/static/chunks/node_modules_next_dist_compiled_react-dom_096_9a-._.js:10255:9)
    at MessagePort.performWorkUntilDeadline (file://C:/Users/octav/OneDrive/Documentos/Portafolio/restaurante/APP_Restoran/.next/dev/static/chunks/node_modules_next_dist_compiled_1amofcm._.js:2647:64)
    at Suspense (<anonymous>)
[browser] Image with src "/images/menu/postres/affogato.jpg" was detected as the Largest Contentful Paint (LCP). Please add the `loading="eager"` property if this image is above the fold.
Read more: https://nextjs.org/docs/app/api-reference/components/image#loading
[browser] Uncaught Error: Hydration failed because the server rendered HTML didn't match the client. As a result this tree will be regenerated on the client. This can happen if a SSR-ed Client Component used:

- A server/client branch `if (typeof window !== 'undefined')`.
- Variable input such as `Date.now()` or `Math.random()` which changes each time it's called.
- Date formatting in a user's locale which doesn't match the server.
- External changing data without sending a snapshot of it along with the HTML.
- Invalid HTML tag nesting.

It can also happen if the client has a browser extension installed which messes with the HTML before React loaded.

https://react.dev/link/hydration-mismatch

  ...
    <HotReload globalError={[...]} webSocket={WebSocket} staticIndicatorState={{pathname:null, ...}}>
      <AppDevOverlayErrorBoundary globalError={[...]}>
        <ReplaySsrOnlyErrors>
        <DevRootHTTPAccessFallbackBoundary>
          <HTTPAccessFallbackBoundary notFound={<NotAllowedRootHTTPFallbackError>}>
            <HTTPAccessFallbackErrorBoundary pathname="/menu/post..." notFound={<NotAllowedRootHTTPFallbackError>} ...>
              <RedirectBoundary>
                <RedirectErrorBoundary router={{...}}>
                  <Head headCacheNode={{rsc:<Fragment>, ...}}>
                    <__next_viewport_boundary__>
                    <MetadataWrapper>
                      <div
+                       hidden={true}
-                       hidden={null}
-                       style={{display:"contents"}}
                      >
                        <__next_metadata_boundary__>
+                         <Suspense name="Next.Metadata">
                    ...
                  ...

    at <unknown> (https://react.dev/link/hydration-mismatch)
    at throwOnHydrationMismatch (file://C:/Users/octav/OneDrive/Documentos/Portafolio/restaurante/APP_Restoran/.next/dev/static/chunks/node_modules_next_dist_compiled_react-dom_096_9a-._.js:3318:56)
    at updateSuspenseComponent (file://C:/Users/octav/OneDrive/Documentos/Portafolio/restaurante/APP_Restoran/.next/dev/static/chunks/node_modules_next_dist_compiled_react-dom_096_9a-._.js:6299:99)
    at beginWork (file://C:/Users/octav/OneDrive/Documentos/Portafolio/restaurante/APP_Restoran/.next/dev/static/chunks/node_modules_next_dist_compiled_react-dom_096_9a-._.js:6762:24)
    at runWithFiberInDEV (file://C:/Users/octav/OneDrive/Documentos/Portafolio/restaurante/APP_Restoran/.next/dev/static/chunks/node_modules_next_dist_compiled_react-dom_096_9a-._.js:965:74)
    at performUnitOfWork (file://C:/Users/octav/OneDrive/Documentos/Portafolio/restaurante/APP_Restoran/.next/dev/static/chunks/node_modules_next_dist_compiled_react-dom_096_9a-._.js:9555:97)
    at workLoopConcurrentByScheduler (file://C:/Users/octav/OneDrive/Documentos/Portafolio/restaurante/APP_Restoran/.next/dev/static/chunks/node_modules_next_dist_compiled_react-dom_096_9a-._.js:9551:58)
    at renderRootConcurrent (file://C:/Users/octav/OneDrive/Documentos/Portafolio/restaurante/APP_Restoran/.next/dev/static/chunks/node_modules_next_dist_compiled_react-dom_096_9a-._.js:9534:71)
    at performWorkOnRoot (file://C:/Users/octav/OneDrive/Documentos/Portafolio/restaurante/APP_Restoran/.next/dev/static/chunks/node_modules_next_dist_compiled_react-dom_096_9a-._.js:9061:150)
    at performWorkOnRootViaSchedulerTask (file://C:/Users/octav/OneDrive/Documentos/Portafolio/restaurante/APP_Restoran/.next/dev/static/chunks/node_modules_next_dist_compiled_react-dom_096_9a-._.js:10255:9)
    at MessagePort.performWorkUntilDeadline (file://C:/Users/octav/OneDrive/Documentos/Portafolio/restaurante/APP_Restoran/.next/dev/static/chunks/node_modules_next_dist_compiled_1amofcm._.js:2647:64)
    at Suspense (<anonymous>)
⚠ Server is approaching the used memory threshold, restarting...
[browser] Uncaught ChunkLoadError: Failed to load chunk /_next/static/chunks/src_app_menu_%5Bcategory%5D_page_tsx_101i6mr._.js from module [project]/node_modules/next/dist/compiled/react-server-dom-turbopack/cjs/react-server-dom-turbopack-client.browser.development.js [app-client] (ecmascript)
    at MenuCategoryPage (about://React/Server/C:%5CUsers%5Coctav%5COneDrive%5CDocumentos%5CPortafolio%5Crestaurante%5CAPP_Restoran%5C.next%5Cdev%5Cserver%5Cchunks%5Cssr%5C%5Broot-of-the-server%5D__1thiv5-._.js?38:1629:272)
    at MenuCategoryRoute (about://React/Server/C:%5CUsers%5Coctav%5COneDrive%5CDocumentos%5CPortafolio%5Crestaurante%5CAPP_Restoran%5C.next%5Cdev%5Cserver%5Cchunks%5Cssr%5C%5Broot-of-the-server%5D__1thiv5-._.js?35:1848:263)
[browser] Uncaught Error: Hydration failed because the server rendered HTML didn't match the client. As a result this tree will be regenerated on the client. This can happen if a SSR-ed Client Component used:

- A server/client branch `if (typeof window !== 'undefined')`.
- Variable input such as `Date.now()` or `Math.random()` which changes each time it's called.
- Date formatting in a user's locale which doesn't match the server.
- External changing data without sending a snapshot of it along with the HTML.
- Invalid HTML tag nesting.

It can also happen if the client has a browser extension installed which messes with the HTML before React loaded.

https://react.dev/link/hydration-mismatch

  ...
    <HotReload globalError={[...]} webSocket={WebSocket} staticIndicatorState={{pathname:null, ...}}>
      <AppDevOverlayErrorBoundary globalError={[...]}>
        <ReplaySsrOnlyErrors>
        <DevRootHTTPAccessFallbackBoundary>
          <HTTPAccessFallbackBoundary notFound={<NotAllowedRootHTTPFallbackError>}>
            <HTTPAccessFallbackErrorBoundary pathname="/menu/post..." notFound={<NotAllowedRootHTTPFallbackError>} ...>
              <RedirectBoundary>
                <RedirectErrorBoundary router={{...}}>
                  <Head headCacheNode={{rsc:{...}, ...}}>
                    <__next_viewport_boundary__>
                    <MetadataWrapper>
                      <div
+                       hidden={true}
-                       hidden={null}
-                       bis_skin_checked="1"
-                       style={{display:"contents"}}
                      >
                        <__next_metadata_boundary__>
+                         <Suspense name="Next.Metadata">
                    ...
                  ...

    at <unknown> (https://react.dev/link/hydration-mismatch)
    at throwOnHydrationMismatch (file://C:/Users/octav/OneDrive/Documentos/Portafolio/restaurante/APP_Restoran/.next/dev/static/chunks/node_modules_next_dist_compiled_react-dom_096_9a-._.js:3318:56)
    at updateSuspenseComponent (file://C:/Users/octav/OneDrive/Documentos/Portafolio/restaurante/APP_Restoran/.next/dev/static/chunks/node_modules_next_dist_compiled_react-dom_096_9a-._.js:6299:99)
    at beginWork (file://C:/Users/octav/OneDrive/Documentos/Portafolio/restaurante/APP_Restoran/.next/dev/static/chunks/node_modules_next_dist_compiled_react-dom_096_9a-._.js:6762:24)
    at runWithFiberInDEV (file://C:/Users/octav/OneDrive/Documentos/Portafolio/restaurante/APP_Restoran/.next/dev/static/chunks/node_modules_next_dist_compiled_react-dom_096_9a-._.js:965:74)
    at performUnitOfWork (file://C:/Users/octav/OneDrive/Documentos/Portafolio/restaurante/APP_Restoran/.next/dev/static/chunks/node_modules_next_dist_compiled_react-dom_096_9a-._.js:9555:97)
    at workLoopConcurrentByScheduler (file://C:/Users/octav/OneDrive/Documentos/Portafolio/restaurante/APP_Restoran/.next/dev/static/chunks/node_modules_next_dist_compiled_react-dom_096_9a-._.js:9551:58)
    at renderRootConcurrent (file://C:/Users/octav/OneDrive/Documentos/Portafolio/restaurante/APP_Restoran/.next/dev/static/chunks/node_modules_next_dist_compiled_react-dom_096_9a-._.js:9534:71)
    at performWorkOnRoot (file://C:/Users/octav/OneDrive/Documentos/Portafolio/restaurante/APP_Restoran/.next/dev/static/chunks/node_modules_next_dist_compiled_react-dom_096_9a-._.js:9061:150)
    at performWorkOnRootViaSchedulerTask (file://C:/Users/octav/OneDrive/Documentos/Portafolio/restaurante/APP_Restoran/.next/dev/static/chunks/node_modules_next_dist_compiled_react-dom_096_9a-._.js:10255:9)
    at MessagePort.performWorkUntilDeadline (file://C:/Users/octav/OneDrive/Documentos/Portafolio/restaurante/APP_Restoran/.next/dev/static/chunks/node_modules_next_dist_compiled_1amofcm._.js:2647:64)
    at Suspense (<anonymous>)
[browser] Image with src "/images/menu/postres/affogato.jpg" was detected as the Largest Contentful Paint (LCP). Please add the `loading="eager"` property if this image is above the fold.
Read more: https://nextjs.org/docs/app/api-reference/components/image#loading
[browser] Uncaught Error: Hydration failed because the server rendered HTML didn't match the client. As a result this tree will be regenerated on the client. This can happen if a SSR-ed Client Component used:

- A server/client branch `if (typeof window !== 'undefined')`.
- Variable input such as `Date.now()` or `Math.random()` which changes each time it's called.
- Date formatting in a user's locale which doesn't match the server.
- External changing data without sending a snapshot of it along with the HTML.
- Invalid HTML tag nesting.

It can also happen if the client has a browser extension installed which messes with the HTML before React loaded.

https://react.dev/link/hydration-mismatch

  ...
    <HotReload globalError={[...]} webSocket={WebSocket} staticIndicatorState={{pathname:null, ...}}>
      <AppDevOverlayErrorBoundary globalError={[...]}>
        <ReplaySsrOnlyErrors>
        <DevRootHTTPAccessFallbackBoundary>
          <HTTPAccessFallbackBoundary notFound={<NotAllowedRootHTTPFallbackError>}>
            <HTTPAccessFallbackErrorBoundary pathname="/menu/post..." notFound={<NotAllowedRootHTTPFallbackError>} ...>
              <RedirectBoundary>
                <RedirectErrorBoundary router={{...}}>
                  <Head headCacheNode={{rsc:{...}, ...}}>
                    <__next_viewport_boundary__>
                    <MetadataWrapper>
                      <div
+                       hidden={true}
-                       hidden={null}
-                       style={{display:"contents"}}
                      >
                        <__next_metadata_boundary__>
+                         <Suspense name="Next.Metadata">
                    ...
                  ...

    at <unknown> (https://react.dev/link/hydration-mismatch)
    at throwOnHydrationMismatch (file://C:/Users/octav/OneDrive/Documentos/Portafolio/restaurante/APP_Restoran/.next/dev/static/chunks/node_modules_next_dist_compiled_react-dom_096_9a-._.js:3318:56)
    at updateSuspenseComponent (file://C:/Users/octav/OneDrive/Documentos/Portafolio/restaurante/APP_Restoran/.next/dev/static/chunks/node_modules_next_dist_compiled_react-dom_096_9a-._.js:6299:99)
    at beginWork (file://C:/Users/octav/OneDrive/Documentos/Portafolio/restaurante/APP_Restoran/.next/dev/static/chunks/node_modules_next_dist_compiled_react-dom_096_9a-._.js:6762:24)
    at runWithFiberInDEV (file://C:/Users/octav/OneDrive/Documentos/Portafolio/restaurante/APP_Restoran/.next/dev/static/chunks/node_modules_next_dist_compiled_react-dom_096_9a-._.js:965:74)
    at performUnitOfWork (file://C:/Users/octav/OneDrive/Documentos/Portafolio/restaurante/APP_Restoran/.next/dev/static/chunks/node_modules_next_dist_compiled_react-dom_096_9a-._.js:9555:97)
    at workLoopConcurrentByScheduler (file://C:/Users/octav/OneDrive/Documentos/Portafolio/restaurante/APP_Restoran/.next/dev/static/chunks/node_modules_next_dist_compiled_react-dom_096_9a-._.js:9551:58)
    at renderRootConcurrent (file://C:/Users/octav/OneDrive/Documentos/Portafolio/restaurante/APP_Restoran/.next/dev/static/chunks/node_modules_next_dist_compiled_react-dom_096_9a-._.js:9534:71)
    at performWorkOnRoot (file://C:/Users/octav/OneDrive/Documentos/Portafolio/restaurante/APP_Restoran/.next/dev/static/chunks/node_modules_next_dist_compiled_react-dom_096_9a-._.js:9061:150)
    at performWorkOnRootViaSchedulerTask (file://C:/Users/octav/OneDrive/Documentos/Portafolio/restaurante/APP_Restoran/.next/dev/static/chunks/node_modules_next_dist_compiled_react-dom_096_9a-._.js:10255:9)
    at MessagePort.performWorkUntilDeadline (file://C:/Users/octav/OneDrive/Documentos/Portafolio/restaurante/APP_Restoran/.next/dev/static/chunks/node_modules_next_dist_compiled_1amofcm._.js:2647:64)
    at Suspense (<anonymous>)
[browser] Image with src "/images/menu/postres/affogato.jpg" was detected as the Largest Contentful Paint (LCP). Please add the `loading="eager"` property if this image is above the fold.
Read more: https://nextjs.org/docs/app/api-reference/components/image#loading
[browser] Uncaught Error: Hydration failed because the server rendered HTML didn't match the client. As a result this tree will be regenerated on the client. This can happen if a SSR-ed Client Component used:

- A server/client branch `if (typeof window !== 'undefined')`.
- Variable input such as `Date.now()` or `Math.random()` which changes each time it's called.
- Date formatting in a user's locale which doesn't match the server.
- External changing data without sending a snapshot of it along with the HTML.
- Invalid HTML tag nesting.

It can also happen if the client has a browser extension installed which messes with the HTML before React loaded.

https://react.dev/link/hydration-mismatch

  ...
    <HotReload globalError={[...]} webSocket={WebSocket} staticIndicatorState={{pathname:null, ...}}>
      <AppDevOverlayErrorBoundary globalError={[...]}>
        <ReplaySsrOnlyErrors>
        <DevRootHTTPAccessFallbackBoundary>
          <HTTPAccessFallbackBoundary notFound={<NotAllowedRootHTTPFallbackError>}>
            <HTTPAccessFallbackErrorBoundary pathname="/" notFound={<NotAllowedRootHTTPFallbackError>} ...>
              <RedirectBoundary>
                <RedirectErrorBoundary router={{...}}>
                  <Head headCacheNode={{rsc:{...}, ...}}>
                    <__next_viewport_boundary__>
                    <MetadataWrapper>
                      <div
+                       hidden={true}
-                       hidden={null}
-                       style={{display:"contents"}}
                      >
                        <__next_metadata_boundary__>
+                         <Suspense name="Next.Metadata">
                    ...
                  ...

    at <unknown> (https://react.dev/link/hydration-mismatch)
    at throwOnHydrationMismatch (file://C:/Users/octav/OneDrive/Documentos/Portafolio/restaurante/APP_Restoran/.next/dev/static/chunks/node_modules_next_dist_compiled_react-dom_096_9a-._.js:3318:56)
    at updateSuspenseComponent (file://C:/Users/octav/OneDrive/Documentos/Portafolio/restaurante/APP_Restoran/.next/dev/static/chunks/node_modules_next_dist_compiled_react-dom_096_9a-._.js:6299:99)
    at beginWork (file://C:/Users/octav/OneDrive/Documentos/Portafolio/restaurante/APP_Restoran/.next/dev/static/chunks/node_modules_next_dist_compiled_react-dom_096_9a-._.js:6762:24)
    at runWithFiberInDEV (file://C:/Users/octav/OneDrive/Documentos/Portafolio/restaurante/APP_Restoran/.next/dev/static/chunks/node_modules_next_dist_compiled_react-dom_096_9a-._.js:965:74)
    at performUnitOfWork (file://C:/Users/octav/OneDrive/Documentos/Portafolio/restaurante/APP_Restoran/.next/dev/static/chunks/node_modules_next_dist_compiled_react-dom_096_9a-._.js:9555:97)
    at workLoopConcurrentByScheduler (file://C:/Users/octav/OneDrive/Documentos/Portafolio/restaurante/APP_Restoran/.next/dev/static/chunks/node_modules_next_dist_compiled_react-dom_096_9a-._.js:9551:58)
    at renderRootConcurrent (file://C:/Users/octav/OneDrive/Documentos/Portafolio/restaurante/APP_Restoran/.next/dev/static/chunks/node_modules_next_dist_compiled_react-dom_096_9a-._.js:9534:71)
    at performWorkOnRoot (file://C:/Users/octav/OneDrive/Documentos/Portafolio/restaurante/APP_Restoran/.next/dev/static/chunks/node_modules_next_dist_compiled_react-dom_096_9a-._.js:9061:150)
    at performWorkOnRootViaSchedulerTask (file://C:/Users/octav/OneDrive/Documentos/Portafolio/restaurante/APP_Restoran/.next/dev/static/chunks/node_modules_next_dist_compiled_react-dom_096_9a-._.js:10255:9)
    at MessagePort.performWorkUntilDeadline (file://C:/Users/octav/OneDrive/Documentos/Portafolio/restaurante/APP_Restoran/.next/dev/static/chunks/node_modules_next_dist_compiled_1amofcm._.js:2647:64)
    at Suspense (<anonymous>)
[browser] Uncaught Error: Hydration failed because the server rendered HTML didn't match the client. As a result this tree will be regenerated on the client. This can happen if a SSR-ed Client Component used:

- A server/client branch `if (typeof window !== 'undefined')`.
- Variable input such as `Date.now()` or `Math.random()` which changes each time it's called.
- Date formatting in a user's locale which doesn't match the server.
- External changing data without sending a snapshot of it along with the HTML.
- Invalid HTML tag nesting.

It can also happen if the client has a browser extension installed which messes with the HTML before React loaded.

https://react.dev/link/hydration-mismatch

  ...
    <HotReload globalError={[...]} webSocket={WebSocket} staticIndicatorState={{pathname:null, ...}}>
      <AppDevOverlayErrorBoundary globalError={[...]}>
        <ReplaySsrOnlyErrors>
        <DevRootHTTPAccessFallbackBoundary>
          <HTTPAccessFallbackBoundary notFound={<NotAllowedRootHTTPFallbackError>}>
            <HTTPAccessFallbackErrorBoundary pathname="/" notFound={<NotAllowedRootHTTPFallbackError>} ...>
              <RedirectBoundary>
                <RedirectErrorBoundary router={{...}}>
                  <Head headCacheNode={{rsc:{...}, ...}}>
                    <__next_viewport_boundary__>
                    <MetadataWrapper>
                      <div
+                       hidden={true}
-                       hidden={null}
-                       style={{display:"contents"}}
                      >
                        <__next_metadata_boundary__>
+                         <Suspense name="Next.Metadata">
                    ...
                  ...

    at <unknown> (https://react.dev/link/hydration-mismatch)
    at throwOnHydrationMismatch (file://C:/Users/octav/OneDrive/Documentos/Portafolio/restaurante/APP_Restoran/.next/dev/static/chunks/node_modules_next_dist_compiled_react-dom_096_9a-._.js:3318:56)
    at updateSuspenseComponent (file://C:/Users/octav/OneDrive/Documentos/Portafolio/restaurante/APP_Restoran/.next/dev/static/chunks/node_modules_next_dist_compiled_react-dom_096_9a-._.js:6299:99)
    at beginWork (file://C:/Users/octav/OneDrive/Documentos/Portafolio/restaurante/APP_Restoran/.next/dev/static/chunks/node_modules_next_dist_compiled_react-dom_096_9a-._.js:6762:24)
    at runWithFiberInDEV (file://C:/Users/octav/OneDrive/Documentos/Portafolio/restaurante/APP_Restoran/.next/dev/static/chunks/node_modules_next_dist_compiled_react-dom_096_9a-._.js:965:74)
    at performUnitOfWork (file://C:/Users/octav/OneDrive/Documentos/Portafolio/restaurante/APP_Restoran/.next/dev/static/chunks/node_modules_next_dist_compiled_react-dom_096_9a-._.js:9555:97)
    at workLoopSync (file://C:/Users/octav/OneDrive/Documentos/Portafolio/restaurante/APP_Restoran/.next/dev/static/chunks/node_modules_next_dist_compiled_react-dom_096_9a-._.js:9449:40)
    at renderRootSync (file://C:/Users/octav/OneDrive/Documentos/Portafolio/restaurante/APP_Restoran/.next/dev/static/chunks/node_modules_next_dist_compiled_react-dom_096_9a-._.js:9433:13)
    at performWorkOnRoot (file://C:/Users/octav/OneDrive/Documentos/Portafolio/restaurante/APP_Restoran/.next/dev/static/chunks/node_modules_next_dist_compiled_react-dom_096_9a-._.js:9061:186)
    at performSyncWorkOnRoot (file://C:/Users/octav/OneDrive/Documentos/Portafolio/restaurante/APP_Restoran/.next/dev/static/chunks/node_modules_next_dist_compiled_react-dom_096_9a-._.js:10263:9)
    at flushSyncWorkAcrossRoots_impl (file://C:/Users/octav/OneDrive/Documentos/Portafolio/restaurante/APP_Restoran/.next/dev/static/chunks/node_modules_next_dist_compiled_react-dom_096_9a-._.js:10179:316)
    at dispatchEvent (file://C:/Users/octav/OneDrive/Documentos/Portafolio/restaurante/APP_Restoran/.next/dev/static/chunks/node_modules_next_dist_compiled_react-dom_096_9a-._.js:13021:174)
    at dispatchDiscreteEvent (file://C:/Users/octav/OneDrive/Documentos/Portafolio/restaurante/APP_Restoran/.next/dev/static/chunks/node_modules_next_dist_compiled_react-dom_096_9a-._.js:12984:64)
    at Suspense (<anonymous>)
[browser] Uncaught Error: Hydration failed because the server rendered HTML didn't match the client. As a result this tree will be regenerated on the client. This can happen if a SSR-ed Client Component used:

- A server/client branch `if (typeof window !== 'undefined')`.
- Variable input such as `Date.now()` or `Math.random()` which changes each time it's called.
- Date formatting in a user's locale which doesn't match the server.
- External changing data without sending a snapshot of it along with the HTML.
- Invalid HTML tag nesting.

It can also happen if the client has a browser extension installed which messes with the HTML before React loaded.

https://react.dev/link/hydration-mismatch

  ...
    <HotReload globalError={[...]} webSocket={WebSocket} staticIndicatorState={{pathname:null, ...}}>
      <AppDevOverlayErrorBoundary globalError={[...]}>
        <ReplaySsrOnlyErrors>
        <DevRootHTTPAccessFallbackBoundary>
          <HTTPAccessFallbackBoundary notFound={<NotAllowedRootHTTPFallbackError>}>
            <HTTPAccessFallbackErrorBoundary pathname="/" notFound={<NotAllowedRootHTTPFallbackError>} ...>
              <RedirectBoundary>
                <RedirectErrorBoundary router={{...}}>
                  <Head headCacheNode={{rsc:{...}, ...}}>
                    <__next_viewport_boundary__>
                    <MetadataWrapper>
                      <div
+                       hidden={true}
-                       hidden={null}
-                       style={{display:"contents"}}
                      >
                        <__next_metadata_boundary__>
+                         <Suspense name="Next.Metadata">
                    ...
                  ...

    at <unknown> (https://react.dev/link/hydration-mismatch)
    at throwOnHydrationMismatch (file://C:/Users/octav/OneDrive/Documentos/Portafolio/restaurante/APP_Restoran/.next/dev/static/chunks/node_modules_next_dist_compiled_react-dom_096_9a-._.js:3318:56)
    at updateSuspenseComponent (file://C:/Users/octav/OneDrive/Documentos/Portafolio/restaurante/APP_Restoran/.next/dev/static/chunks/node_modules_next_dist_compiled_react-dom_096_9a-._.js:6299:99)
    at beginWork (file://C:/Users/octav/OneDrive/Documentos/Portafolio/restaurante/APP_Restoran/.next/dev/static/chunks/node_modules_next_dist_compiled_react-dom_096_9a-._.js:6762:24)
    at runWithFiberInDEV (file://C:/Users/octav/OneDrive/Documentos/Portafolio/restaurante/APP_Restoran/.next/dev/static/chunks/node_modules_next_dist_compiled_react-dom_096_9a-._.js:965:74)
    at performUnitOfWork (file://C:/Users/octav/OneDrive/Documentos/Portafolio/restaurante/APP_Restoran/.next/dev/static/chunks/node_modules_next_dist_compiled_react-dom_096_9a-._.js:9555:97)
    at workLoopConcurrentByScheduler (file://C:/Users/octav/OneDrive/Documentos/Portafolio/restaurante/APP_Restoran/.next/dev/static/chunks/node_modules_next_dist_compiled_react-dom_096_9a-._.js:9551:58)
    at renderRootConcurrent (file://C:/Users/octav/OneDrive/Documentos/Portafolio/restaurante/APP_Restoran/.next/dev/static/chunks/node_modules_next_dist_compiled_react-dom_096_9a-._.js:9534:71)
    at performWorkOnRoot (file://C:/Users/octav/OneDrive/Documentos/Portafolio/restaurante/APP_Restoran/.next/dev/static/chunks/node_modules_next_dist_compiled_react-dom_096_9a-._.js:9061:150)
    at performWorkOnRootViaSchedulerTask (file://C:/Users/octav/OneDrive/Documentos/Portafolio/restaurante/APP_Restoran/.next/dev/static/chunks/node_modules_next_dist_compiled_react-dom_096_9a-._.js:10255:9)
    at MessagePort.performWorkUntilDeadline (file://C:/Users/octav/OneDrive/Documentos/Portafolio/restaurante/APP_Restoran/.next/dev/static/chunks/node_modules_next_dist_compiled_1amofcm._.js:2647:64)
    at Suspense (<anonymous>)
